Archive member included to satisfy reference by file (symbol)

app/libapp.a(main.c.obj)      (--whole-archive)
zephyr/libzephyr.a(cbprintf_packaged.c.obj)
                              (--whole-archive)
zephyr/libzephyr.a(dec.c.obj)
                              (--whole-archive)
zephyr/libzephyr.a(fdtable.c.obj)
                              (--whole-archive)
zephyr/libzephyr.a(hex.c.obj)
                              (--whole-archive)
zephyr/libzephyr.a(printk.c.obj)
                              (--whole-archive)
zephyr/libzephyr.a(rb.c.obj)  (--whole-archive)
zephyr/libzephyr.a(sem.c.obj)
                              (--whole-archive)
zephyr/libzephyr.a(thread_entry.c.obj)
                              (--whole-archive)
zephyr/libzephyr.a(timeutil.c.obj)
                              (--whole-archive)
zephyr/libzephyr.a(heap.c.obj)
                              (--whole-archive)
zephyr/libzephyr.a(heap-validate.c.obj)
                              (--whole-archive)
zephyr/libzephyr.a(bitarray.c.obj)
                              (--whole-archive)
zephyr/libzephyr.a(multi_heap.c.obj)
                              (--whole-archive)
zephyr/libzephyr.a(onoff.c.obj)
                              (--whole-archive)
zephyr/libzephyr.a(notify.c.obj)
                              (--whole-archive)
zephyr/libzephyr.a(cbprintf_complete.c.obj)
                              (--whole-archive)
zephyr/libzephyr.a(assert.c.obj)
                              (--whole-archive)
zephyr/libzephyr.a(reboot.c.obj)
                              (--whole-archive)
zephyr/libzephyr.a(configs.c.obj)
                              (--whole-archive)
zephyr/libzephyr.a(soc_nrf_common.S.obj)
                              (--whole-archive)
zephyr/libzephyr.a(validate_base_addresses.c.obj)
                              (--whole-archive)
zephyr/libzephyr.a(validate_enabled_instances.c.obj)
                              (--whole-archive)
zephyr/libzephyr.a(log_minimal.c.obj)
                              (--whole-archive)
zephyr/libzephyr.a(tracing_none.c.obj)
                              (--whole-archive)
zephyr/libzephyr.a(nrf_cc3xx_platform_abort_zephyr.c.obj)
                              (--whole-archive)
zephyr/libzephyr.a(nrf_cc3xx_platform_mutex_zephyr.c.obj)
                              (--whole-archive)
zephyr/arch/common/libarch__common.a(sw_isr_common.c.obj)
                              (--whole-archive)
zephyr/arch/arch/arm/core/aarch32/libarch__arm__core__aarch32.a(cpu_idle.S.obj)
                              (--whole-archive)
zephyr/arch/arch/arm/core/aarch32/libarch__arm__core__aarch32.a(fatal.c.obj)
                              (--whole-archive)
zephyr/arch/arch/arm/core/aarch32/libarch__arm__core__aarch32.a(irq_manage.c.obj)
                              (--whole-archive)
zephyr/arch/arch/arm/core/aarch32/libarch__arm__core__aarch32.a(nmi.c.obj)
                              (--whole-archive)
zephyr/arch/arch/arm/core/aarch32/libarch__arm__core__aarch32.a(nmi_on_reset.S.obj)
                              (--whole-archive)
zephyr/arch/arch/arm/core/aarch32/libarch__arm__core__aarch32.a(prep_c.c.obj)
                              (--whole-archive)
zephyr/arch/arch/arm/core/aarch32/libarch__arm__core__aarch32.a(swap.c.obj)
                              (--whole-archive)
zephyr/arch/arch/arm/core/aarch32/libarch__arm__core__aarch32.a(swap_helper.S.obj)
                              (--whole-archive)
zephyr/arch/arch/arm/core/aarch32/libarch__arm__core__aarch32.a(thread.c.obj)
                              (--whole-archive)
zephyr/arch/arch/arm/core/aarch32/libarch__arm__core__aarch32.a(isr_wrapper.S.obj)
                              (--whole-archive)
zephyr/arch/arch/arm/core/aarch32/libarch__arm__core__aarch32.a(tls.c.obj)
                              (--whole-archive)
zephyr/arch/arch/arm/core/aarch32/cortex_m/libarch__arm__core__aarch32__cortex_m.a(exc_exit.S.obj)
                              (--whole-archive)
zephyr/arch/arch/arm/core/aarch32/cortex_m/libarch__arm__core__aarch32__cortex_m.a(fault.c.obj)
                              (--whole-archive)
zephyr/arch/arch/arm/core/aarch32/cortex_m/libarch__arm__core__aarch32__cortex_m.a(fault_s.S.obj)
                              (--whole-archive)
zephyr/arch/arch/arm/core/aarch32/cortex_m/libarch__arm__core__aarch32__cortex_m.a(fpu.c.obj)
                              (--whole-archive)
zephyr/arch/arch/arm/core/aarch32/cortex_m/libarch__arm__core__aarch32__cortex_m.a(irq_init.c.obj)
                              (--whole-archive)
zephyr/arch/arch/arm/core/aarch32/cortex_m/libarch__arm__core__aarch32__cortex_m.a(reset.S.obj)
                              (--whole-archive)
zephyr/arch/arch/arm/core/aarch32/cortex_m/libarch__arm__core__aarch32__cortex_m.a(scb.c.obj)
                              (--whole-archive)
zephyr/arch/arch/arm/core/aarch32/cortex_m/libarch__arm__core__aarch32__cortex_m.a(thread_abort.c.obj)
                              (--whole-archive)
[...]
Memory Configuration

Name             Origin             Length             Attributes
FLASH            0x0000000000000000 0x0000000000100000 xr
RAM              0x0000000020000000 0x0000000000040000 xw
IDT_LIST         0x00000000fffff7ff 0x0000000000000800 xw
*default*        0x0000000000000000 0xffffffffffffffff

Linker script and memory map

                0x000000000000442c                vfprintf = __i_vfprintf
                0x0000000000000000                vfscanf = __i_vfscanf
LOAD zephyr/CMakeFiles/zephyr_pre0.dir/misc/empty_file.c.obj
LOAD app/libapp.a
LOAD zephyr/libzephyr.a
LOAD zephyr/arch/common/libarch__common.a
LOAD zephyr/arch/arch/arm/core/aarch32/libarch__arm__core__aarch32.a
LOAD zephyr/arch/arch/arm/core/aarch32/cortex_m/libarch__arm__core__aarch32__cortex_m.a
LOAD zephyr/arch/arch/arm/core/aarch32/mpu/libarch__arm__core__aarch32__mpu.a
LOAD zephyr/lib/libc/picolibc/liblib__libc__picolibc.a
LOAD zephyr/lib/libc/common/liblib__libc__common.a
LOAD zephyr/soc/soc/arm/common/cortex_m/libsoc__arm__common__cortex_m.a
LOAD zephyr/soc/soc/arm/nordic_nrf/nrf52/libsoc__arm__nordic_nrf__nrf52.a
LOAD zephyr/drivers/clock_control/libdrivers__clock_control.a
LOAD zephyr/drivers/console/libdrivers__console.a
LOAD zephyr/drivers/gpio/libdrivers__gpio.a
LOAD zephyr/drivers/pinctrl/libdrivers__pinctrl.a
LOAD zephyr/drivers/serial/libdrivers__serial.a
LOAD zephyr/drivers/timer/libdrivers__timer.a
LOAD modules/nrf/lib/fatal_error/lib..__nrf__lib__fatal_error.a
LOAD modules/nrf/drivers/hw_cc310/lib..__nrf__drivers__hw_cc310.a
LOAD modules/hal_nordic/nrfx/libmodules__hal_nordic__nrfx.a
LOAD modules/segger/libmodules__segger.a
LOAD zephyr/kernel/libkernel.a
LOAD zephyr/CMakeFiles/offsets.dir/./arch/arm/core/offsets/offsets.c.obj
LOAD c:/ncs/toolchains/c57af46cb7/opt/zephyr-sdk/arm-zephyr-eabi/bin/../lib/gcc/arm-zephyr-eabi/12.2.0/thumb/v7e-m/nofp\libgcc.a
LOAD zephyr/arch/common/libisr_tables.a
LOAD C:/ncs/v2.5.1/nrfxlib/crypto/nrf_cc310_platform/lib/cortex-m4/soft-float/no-interrupts/libnrf_cc310_platform_0.9.18.a
LOAD c:\ncs\toolchains\c57af46cb7\opt\zephyr-sdk\arm-zephyr-eabi\bin\../lib/gcc/../../picolibc/arm-zephyr-eabi/lib/thumb/v7e-m/nofp\libc.a
LOAD c:/ncs/toolchains/c57af46cb7/opt/zephyr-sdk/arm-zephyr-eabi/bin/../lib/gcc/arm-zephyr-eabi/12.2.0/thumb/v7e-m/nofp\libgcc.a
                0x0000000000000020                _region_min_align = 0x20

.rel.plt        0x0000000000000000        0x0
 *(SORT_BY_ALIGNMENT(.rel.plt))
                [!provide]                        PROVIDE (__rel_iplt_start = .)
 *(SORT_BY_ALIGNMENT(.rel.iplt))
 .rel.iplt      0x0000000000000000        0x0 app/libapp.a(main.c.obj)
                [!provide]                        PROVIDE (__rel_iplt_end = .)

.rela.plt       0x0000000000000000        0x0
 *(SORT_BY_ALIGNMENT(.rela.plt))
                [!provide]                        PROVIDE (__rela_iplt_start = .)
 *(SORT_BY_ALIGNMENT(.rela.iplt))
                [!provide]                        PROVIDE (__rela_iplt_end = .)

.rel.dyn
 *(SORT_BY_ALIGNMENT(.rel.*))

.rela.dyn
 *(SORT_BY_ALIGNMENT(.rela.*))

/DISCARD/
 *(SORT_BY_ALIGNMENT(.plt))

/DISCARD/
 *(SORT_BY_ALIGNMENT(.iplt))
                0x0000000000000000                __rom_region_start = 0x0

rom_start       0x0000000000000000      0x100
                0x0000000000000000                __rom_start_address = .
                0x0000000000000000                . = (. + (0x0 - (. - __rom_start_address)))
                0x0000000000000000                . = ALIGN (0x4)
                0x0000000000000000                . = ALIGN (0x80)
                0x0000000000000000                . = ALIGN (0x100)
                0x0000000000000000                _vector_start = .
 *(SORT_BY_ALIGNMENT(.exc_vector_table))
 *(SORT_BY_ALIGNMENT(.exc_vector_table.*))
 .exc_vector_table._vector_table_section
                0x0000000000000000       0x40 zephyr/arch/arch/arm/core/aarch32/cortex_m/libarch__arm__core__aarch32__cortex_m.a(vector_table.S.obj)
                0x0000000000000000                _vector_table
 *(SORT_BY_ALIGNMENT(.vectors))
                0x0000000000000100                _vector_end = .
                0x0000000000000040                . = ALIGN (0x4)
 *(SORT_BY_ALIGNMENT(.gnu.linkonce.irq_vector_table*))
 .gnu.linkonce.irq_vector_table
                0x0000000000000040       0xc0 zephyr/arch/common/libisr_tables.a(isr_tables.c.obj)
                0x0000000000000040                _irq_vector_table
                0x0000000000000100                _vector_end = .

text            0x0000000000000100     0x5250
                0x0000000000000100                __text_region_start = .
 *(SORT_BY_ALIGNMENT(.text))
 .text          0x0000000000000100       0x30 c:/ncs/toolchains/c57af46cb7/opt/zephyr-sdk/arm-zephyr-eabi/bin/../lib/gcc/arm-zephyr-eabi/12.2.0/thumb/v7e-m/nofp\libgcc.a(_aeabi_uldivmod.o)
                0x0000000000000100                __aeabi_uldivmod
 .text          0x0000000000000130        0x4 c:/ncs/toolchains/c57af46cb7/opt/zephyr-sdk/arm-zephyr-eabi/bin/../lib/gcc/arm-zephyr-eabi/12.2.0/thumb/v7e-m/nofp\libgcc.a(_dvmd_tls.o)
                0x0000000000000130                __aeabi_idiv0
                0x0000000000000130                __aeabi_ldiv0
 .text          0x0000000000000134      0x2a0 c:/ncs/toolchains/c57af46cb7/opt/zephyr-sdk/arm-zephyr-eabi/bin/../lib/gcc/arm-zephyr-eabi/12.2.0/thumb/v7e-m/nofp\libgcc.a(_udivmoddi4.o)
                0x0000000000000134                __udivmoddi4
 *(SORT_BY_ALIGNMENT(.text.*))
 .text.button_pressed
                0x00000000000003d4       0x38 app/libapp.a(main.c.obj)
                0x00000000000003d4                button_pressed
 .text.main     0x000000000000040c      0x108 app/libapp.a(main.c.obj)
                0x000000000000040c                main
 .text.char_out
                0x0000000000000514        0xc zephyr/libzephyr.a(printk.c.obj)
 .text.__printk_hook_install
                0x0000000000000520        0xc zephyr/libzephyr.a(printk.c.obj)
                0x0000000000000520                __printk_hook_install
 .text.vprintk  0x000000000000052c       0x30 zephyr/libzephyr.a(printk.c.obj)
                0x000000000000052c                vprintk
 .text.z_thread_entry
                0x000000000000055c       0x34 zephyr/libzephyr.a(thread_entry.c.obj)
                0x000000000000055c                z_thread_entry
 .text.process_event
                0x0000000000000590      0x21c zephyr/libzephyr.a(onoff.c.obj)
 .text.sys_reboot
                0x00000000000007ac       0x30 zephyr/libzephyr.a(reboot.c.obj)
                0x00000000000007ac                sys_reboot
 .text.z_arm_platform_init
                0x00000000000007dc        0x4 zephyr/libzephyr.a(soc_nrf_common.S.obj)
                0x00000000000007dc                z_arm_platform_init
 .text.z_log_minimal_hexdump_print
                0x00000000000007e0       0xc0 zephyr/libzephyr.a(log_minimal.c.obj)
                0x00000000000007e0                z_log_minimal_hexdump_print
 .text.nrf_cc3xx_platform_abort_init
                0x00000000000008a0        0xc zephyr/libzephyr.a(nrf_cc3xx_platform_abort_zephyr.c.obj)
                0x00000000000008a0                nrf_cc3xx_platform_abort_init
 .text.mutex_free_platform
                0x00000000000008ac       0x54 zephyr/libzephyr.a(nrf_cc3xx_platform_mutex_zephyr.c.obj)
 .text.mutex_lock_platform
                0x0000000000000900       0x60 zephyr/libzephyr.a(nrf_cc3xx_platform_mutex_zephyr.c.obj)
 .text.mutex_unlock_platform
                0x0000000000000960       0x58 zephyr/libzephyr.a(nrf_cc3xx_platform_mutex_zephyr.c.obj)
 .text.mutex_init_platform
                0x00000000000009b8       0x94 zephyr/libzephyr.a(nrf_cc3xx_platform_mutex_zephyr.c.obj)
 .text.nrf_cc3xx_platform_mutex_init
                0x0000000000000a4c       0x2c zephyr/libzephyr.a(nrf_cc3xx_platform_mutex_zephyr.c.obj)
                0x0000000000000a4c                nrf_cc3xx_platform_mutex_init
 .text.z_arm_cpu_idle_init
                0x0000000000000a78        0xc zephyr/arch/arch/arm/core/aarch32/libarch__arm__core__aarch32.a(cpu_idle.S.obj)
                0x0000000000000a78                z_arm_cpu_idle_init
 .text.arch_cpu_idle
                0x0000000000000a84       0x1c zephyr/arch/arch/arm/core/aarch32/libarch__arm__core__aarch32.a(cpu_idle.S.obj)
                0x0000000000000a84                arch_cpu_idle
 .text.arch_cpu_atomic_idle
                0x0000000000000aa0       0x18 zephyr/arch/arch/arm/core/aarch32/libarch__arm__core__aarch32.a(cpu_idle.S.obj)
                0x0000000000000aa0                arch_cpu_atomic_idle
 .text.z_arm_fatal_error
                0x0000000000000ab8       0x5c zephyr/arch/arch/arm/core/aarch32/libarch__arm__core__aarch32.a(fatal.c.obj)
                0x0000000000000ab8                z_arm_fatal_error
 .text.arch_irq_enable
                0x0000000000000b14       0x1c zephyr/arch/arch/arm/core/aarch32/libarch__arm__core__aarch32.a(irq_manage.c.obj)
                0x0000000000000b14                arch_irq_enable
 .text.arch_irq_disable
                0x0000000000000b30       0x28 zephyr/arch/arch/arm/core/aarch32/libarch__arm__core__aarch32.a(irq_manage.c.obj)
                0x0000000000000b30                arch_irq_disable
 .text.arch_irq_is_enabled
                0x0000000000000b58       0x1c zephyr/arch/arch/arm/core/aarch32/libarch__arm__core__aarch32.a(irq_manage.c.obj)
                0x0000000000000b58                arch_irq_is_enabled
 .text.z_arm_irq_priority_set
                0x0000000000000b74       0x30 zephyr/arch/arch/arm/core/aarch32/libarch__arm__core__aarch32.a(irq_manage.c.obj)
                0x0000000000000b74                z_arm_irq_priority_set
 .text.z_SysNmiOnReset
                0x0000000000000ba4        0x8 zephyr/arch/arch/arm/core/aarch32/libarch__arm__core__aarch32.a(nmi_on_reset.S.obj)
                0x0000000000000ba4                z_SysNmiOnReset
 .text.z_arm_prep_c
                0x0000000000000bac       0x38 zephyr/arch/arch/arm/core/aarch32/libarch__arm__core__aarch32.a(prep_c.c.obj)
                0x0000000000000bac                z_arm_prep_c
 .text.arch_swap
                0x0000000000000be4       0x34 zephyr/arch/arch/arm/core/aarch32/libarch__arm__core__aarch32.a(swap.c.obj)
                0x0000000000000be4                arch_swap
 .text.z_arm_pendsv
                0x0000000000000c18       0x64 zephyr/arch/arch/arm/core/aarch32/libarch__arm__core__aarch32.a(swap_helper.S.obj)
                0x0000000000000c18                z_arm_pendsv
 .text.z_arm_svc
                0x0000000000000c7c       0x20 zephyr/arch/arch/arm/core/aarch32/libarch__arm__core__aarch32.a(swap_helper.S.obj)
                0x0000000000000c7c                z_arm_svc
 .text.arch_new_thread
                0x0000000000000c9c       0x38 zephyr/arch/arch/arm/core/aarch32/libarch__arm__core__aarch32.a(thread.c.obj)
                0x0000000000000c9c                arch_new_thread
 .text.z_check_thread_stack_fail
                0x0000000000000cd4       0x2c zephyr/arch/arch/arm/core/aarch32/libarch__arm__core__aarch32.a(thread.c.obj)
                0x0000000000000cd4                z_check_thread_stack_fail
 .text.arch_switch_to_main_thread
                0x0000000000000d00       0x38 zephyr/arch/arch/arm/core/aarch32/libarch__arm__core__aarch32.a(thread.c.obj)
                0x0000000000000d00                arch_switch_to_main_thread
 .text._isr_wrapper
                0x0000000000000d38       0x28 zephyr/arch/arch/arm/core/aarch32/libarch__arm__core__aarch32.a(isr_wrapper.S.obj)
                0x0000000000000d38                _isr_wrapper
 .text.arch_tls_stack_setup
                0x0000000000000d60       0x5c zephyr/arch/arch/arm/core/aarch32/libarch__arm__core__aarch32.a(tls.c.obj)
                0x0000000000000d60                arch_tls_stack_setup
 .text._HandlerModeExit
                0x0000000000000dbc       0x1c zephyr/arch/arch/arm/core/aarch32/cortex_m/libarch__arm__core__aarch32__cortex_m.a(exc_exit.S.obj)
                0x0000000000000dbc                z_arm_int_exit
                0x0000000000000dbc                z_arm_exc_exit
 .text.mem_manage_fault
                0x0000000000000dd8      0x100 zephyr/arch/arch/arm/core/aarch32/cortex_m/libarch__arm__core__aarch32__cortex_m.a(fault.c.obj)
 .text.usage_fault.constprop.0
                0x0000000000000ed8       0xa4 zephyr/arch/arch/arm/core/aarch32/cortex_m/libarch__arm__core__aarch32__cortex_m.a(fault.c.obj)
 .text.bus_fault.constprop.0
                0x0000000000000f7c       0xc8 zephyr/arch/arch/arm/core/aarch32/cortex_m/libarch__arm__core__aarch32__cortex_m.a(fault.c.obj)
 .text.z_arm_fault
                0x0000000000001044      0x1b4 zephyr/arch/arch/arm/core/aarch32/cortex_m/libarch__arm__core__aarch32__cortex_m.a(fault.c.obj)
                0x0000000000001044                z_arm_fault
 .text.z_arm_fault_init
                0x00000000000011f8       0x10 zephyr/arch/arch/arm/core/aarch32/cortex_m/libarch__arm__core__aarch32__cortex_m.a(fault.c.obj)
                0x00000000000011f8                z_arm_fault_init
 .text.__fault  0x0000000000001208       0x14 zephyr/arch/arch/arm/core/aarch32/cortex_m/libarch__arm__core__aarch32__cortex_m.a(fault_s.S.obj)
                0x0000000000001208                z_arm_usage_fault
                0x0000000000001208                z_arm_mpu_fault
                0x0000000000001208                z_arm_exc_spurious
                0x0000000000001208                z_arm_debug_monitor
                0x0000000000001208                z_arm_hard_fault
                0x0000000000001208                z_arm_bus_fault
 .text.z_arm_interrupt_init
                0x000000000000121c       0x18 zephyr/arch/arch/arm/core/aarch32/cortex_m/libarch__arm__core__aarch32__cortex_m.a(irq_init.c.obj)
                0x000000000000121c                z_arm_interrupt_init
 .text._reset_section
                0x0000000000001234       0x54 zephyr/arch/arch/arm/core/aarch32/cortex_m/libarch__arm__core__aarch32__cortex_m.a(reset.S.obj)
                0x0000000000001234                __start
                0x0000000000001234                z_arm_reset
 .text.sys_arch_reboot
                0x0000000000001288       0x24 zephyr/arch/arch/arm/core/aarch32/cortex_m/libarch__arm__core__aarch32__cortex_m.a(scb.c.obj)
                0x0000000000001288                sys_arch_reboot
 .text.z_arm_clear_arm_mpu_config
                0x00000000000012ac       0x24 zephyr/arch/arch/arm/core/aarch32/cortex_m/libarch__arm__core__aarch32__cortex_m.a(scb.c.obj)
                0x00000000000012ac                z_arm_clear_arm_mpu_config
 .text.z_arm_init_arch_hw_at_boot
                0x00000000000012d0       0x64 zephyr/arch/arch/arm/core/aarch32/cortex_m/libarch__arm__core__aarch32__cortex_m.a(scb.c.obj)
                0x00000000000012d0                z_arm_init_arch_hw_at_boot
 .text.z_impl_k_thread_abort
                0x0000000000001334       0x2c zephyr/arch/arch/arm/core/aarch32/cortex_m/libarch__arm__core__aarch32__cortex_m.a(thread_abort.c.obj)
                0x0000000000001334                z_impl_k_thread_abort
 .text.z_arm_configure_static_mpu_regions
                0x0000000000001360       0x18 zephyr/arch/arch/arm/core/aarch32/mpu/libarch__arm__core__aarch32__mpu.a(arm_core_mpu.c.obj)
                0x0000000000001360                z_arm_configure_static_mpu_regions
 .text.z_arm_configure_dynamic_mpu_regions
                0x0000000000001378       0x20 zephyr/arch/arch/arm/core/aarch32/mpu/libarch__arm__core__aarch32__mpu.a(arm_core_mpu.c.obj)
                0x0000000000001378                z_arm_configure_dynamic_mpu_regions
 .text.mpu_configure_regions
                0x0000000000001398       0xa0 zephyr/arch/arch/arm/core/aarch32/mpu/libarch__arm__core__aarch32__mpu.a(arm_mpu.c.obj)
 .text.arm_core_mpu_enable
                0x0000000000001438       0x18 zephyr/arch/arch/arm/core/aarch32/mpu/libarch__arm__core__aarch32__mpu.a(arm_mpu.c.obj)
                0x0000000000001438                arm_core_mpu_enable
 .text.arm_core_mpu_disable
                0x0000000000001450       0x14 zephyr/arch/arch/arm/core/aarch32/mpu/libarch__arm__core__aarch32__mpu.a(arm_mpu.c.obj)
                0x0000000000001450                arm_core_mpu_disable
 .text.arm_core_mpu_configure_static_mpu_regions
                0x0000000000001464       0x14 zephyr/arch/arch/arm/core/aarch32/mpu/libarch__arm__core__aarch32__mpu.a(arm_mpu.c.obj)
                0x0000000000001464                arm_core_mpu_configure_static_mpu_regions
 .text.arm_core_mpu_configure_dynamic_mpu_regions
                0x0000000000001478       0x30 zephyr/arch/arch/arm/core/aarch32/mpu/libarch__arm__core__aarch32__mpu.a(arm_mpu.c.obj)
                0x0000000000001478                arm_core_mpu_configure_dynamic_mpu_regions
 .text.z_arm_mpu_init
                0x00000000000014a8       0x60 zephyr/arch/arch/arm/core/aarch32/mpu/libarch__arm__core__aarch32__mpu.a(arm_mpu.c.obj)
                0x00000000000014a8                z_arm_mpu_init
 .text.z_impl_zephyr_fputc
                0x0000000000001508       0x10 zephyr/lib/libc/picolibc/liblib__libc__picolibc.a(libc-hooks.c.obj)
                0x0000000000001508                z_impl_zephyr_fputc
 .text.__stdout_hook_install
                0x0000000000001518       0x18 zephyr/lib/libc/picolibc/liblib__libc__picolibc.a(libc-hooks.c.obj)
                0x0000000000001518                __stdout_hook_install
 .text.malloc_prepare
                0x0000000000001530       0x24 zephyr/lib/libc/common/liblib__libc__common.a(malloc.c.obj)
 .text.nordicsemi_nrf52_init
                0x0000000000001554       0x44 zephyr/soc/soc/arm/nordic_nrf/nrf52/libsoc__arm__nordic_nrf__nrf52.a(soc.c.obj)
 .text.arch_busy_wait
                0x0000000000001598       0x14 zephyr/soc/soc/arm/nordic_nrf/nrf52/libsoc__arm__nordic_nrf__nrf52.a(soc.c.obj)
                0x0000000000001598                arch_busy_wait
 .text.onoff_stop
                0x00000000000015ac       0x30 zephyr/drivers/clock_control/libdrivers__clock_control.a(clock_control_nrf.c.obj)
 .text.onoff_start
                0x00000000000015dc       0x44 zephyr/drivers/clock_control/libdrivers__clock_control.a(clock_control_nrf.c.obj)
 .text.clk_init
                0x0000000000001620       0x58 zephyr/drivers/clock_control/libdrivers__clock_control.a(clock_control_nrf.c.obj)
 .text.clkstarted_handle.constprop.0
                0x0000000000001678       0x34 zephyr/drivers/clock_control/libdrivers__clock_control.a(clock_control_nrf.c.obj)
 .text.clock_event_handler
                0x00000000000016ac       0x1c zephyr/drivers/clock_control/libdrivers__clock_control.a(clock_control_nrf.c.obj)
 .text.generic_hfclk_start
                0x00000000000016c8       0x64 zephyr/drivers/clock_control/libdrivers__clock_control.a(clock_control_nrf.c.obj)
 .text.api_blocking_start
                0x000000000000172c       0x34 zephyr/drivers/clock_control/libdrivers__clock_control.a(clock_control_nrf.c.obj)
 .text.generic_hfclk_stop
                0x0000000000001760       0x34 zephyr/drivers/clock_control/libdrivers__clock_control.a(clock_control_nrf.c.obj)
 .text.z_nrf_clock_control_lf_on
                0x0000000000001794       0xfc zephyr/drivers/clock_control/libdrivers__clock_control.a(clock_control_nrf.c.obj)
                0x0000000000001794                z_nrf_clock_control_lf_on
 .text.uart_console_init
                0x0000000000001890       0x28 zephyr/drivers/console/libdrivers__console.a(uart_console.c.obj)
 .text.console_out
                0x00000000000018b8       0x28 zephyr/drivers/console/libdrivers__console.a(uart_console.c.obj)
 .text.gpio_nrfx_pin_interrupt_configure
                0x00000000000018e0       0xe4 zephyr/drivers/gpio/libdrivers__gpio.a(gpio_nrfx.c.obj)
 .text.gpio_nrfx_init
                0x00000000000019c4       0x38 zephyr/drivers/gpio/libdrivers__gpio.a(gpio_nrfx.c.obj)
 .text.nrfx_gpio_handler
                0x00000000000019fc       0x4c zephyr/drivers/gpio/libdrivers__gpio.a(gpio_nrfx.c.obj)
 .text.gpio_nrfx_pin_configure
                0x0000000000001a48      0x128 zephyr/drivers/gpio/libdrivers__gpio.a(gpio_nrfx.c.obj)
 .text.nrf_gpio_pin_port_decode
                0x0000000000001b70       0x20 zephyr/drivers/pinctrl/libdrivers__pinctrl.a(pinctrl_nrf.c.obj)
 .text.pinctrl_configure_pins
                0x0000000000001b90      0x190 zephyr/drivers/pinctrl/libdrivers__pinctrl.a(pinctrl_nrf.c.obj)
                0x0000000000001b90                pinctrl_configure_pins
 .text.uarte_nrfx_configure
                0x0000000000001d20      0x168 zephyr/drivers/serial/libdrivers__serial.a(uart_nrfx_uarte.c.obj)
 .text.uarte_0_init
                0x0000000000001e88       0xf0 zephyr/drivers/serial/libdrivers__serial.a(uart_nrfx_uarte.c.obj)
 .text.uarte_nrfx_poll_out
                0x0000000000001f78       0xcc zephyr/drivers/serial/libdrivers__serial.a(uart_nrfx_uarte.c.obj)
 .text.compare_int_lock
                0x0000000000002044       0x48 zephyr/drivers/timer/libdrivers__timer.a(nrf_rtc_timer.c.obj)
 .text.sys_clock_timeout_handler
                0x000000000000208c       0x48 zephyr/drivers/timer/libdrivers__timer.a(nrf_rtc_timer.c.obj)
 .text.compare_int_unlock
                0x00000000000020d4       0x5c zephyr/drivers/timer/libdrivers__timer.a(nrf_rtc_timer.c.obj)
 .text.z_nrf_rtc_timer_read
                0x0000000000002130       0x44 zephyr/drivers/timer/libdrivers__timer.a(nrf_rtc_timer.c.obj)
                0x0000000000002130                z_nrf_rtc_timer_read
 .text.compare_set
                0x0000000000002174      0x130 zephyr/drivers/timer/libdrivers__timer.a(nrf_rtc_timer.c.obj)
 .text.sys_clock_driver_init
                0x00000000000022a4       0x90 zephyr/drivers/timer/libdrivers__timer.a(nrf_rtc_timer.c.obj)
 .text.rtc_nrf_isr
                0x0000000000002334       0xd4 zephyr/drivers/timer/libdrivers__timer.a(nrf_rtc_timer.c.obj)
                0x0000000000002334                rtc_nrf_isr
 .text.sys_clock_set_timeout
                0x0000000000002408       0x68 zephyr/drivers/timer/libdrivers__timer.a(nrf_rtc_timer.c.obj)
                0x0000000000002408                sys_clock_set_timeout
 .text.sys_clock_elapsed
                0x0000000000002470       0x14 zephyr/drivers/timer/libdrivers__timer.a(nrf_rtc_timer.c.obj)
                0x0000000000002470                sys_clock_elapsed
 .text.sys_clock_disable
                0x0000000000002484       0x30 zephyr/drivers/timer/libdrivers__timer.a(nrf_rtc_timer.c.obj)
                0x0000000000002484                sys_clock_disable
 .text.k_sys_fatal_error_handler
                0x00000000000024b4       0x14 modules/nrf/lib/fatal_error/lib..__nrf__lib__fatal_error.a(fatal_error.c.obj)
                0x00000000000024b4                k_sys_fatal_error_handler
 .text.nrf52_errata_98
                0x00000000000024c8       0x24 modules/hal_nordic/nrfx/libmodules__hal_nordic__nrfx.a(system_nrf52840.c.obj)
 .text.nvmc_wait
                0x00000000000024ec       0x10 modules/hal_nordic/nrfx/libmodules__hal_nordic__nrfx.a(system_nrf52840.c.obj)
                0x00000000000024ec                nvmc_wait
 .text.SystemInit
                0x00000000000024fc      0x1bc modules/hal_nordic/nrfx/libmodules__hal_nordic__nrfx.a(system_nrf52840.c.obj)
                0x00000000000024fc                SystemInit
 .text.nrfx_flag32_alloc
                0x00000000000026b8       0x48 modules/hal_nordic/nrfx/libmodules__hal_nordic__nrfx.a(nrfx_flag32_allocator.c.obj)
                0x00000000000026b8                nrfx_flag32_alloc
 .text.nrfx_flag32_free
                0x0000000000002700       0x40 modules/hal_nordic/nrfx/libmodules__hal_nordic__nrfx.a(nrfx_flag32_allocator.c.obj)
                0x0000000000002700                nrfx_flag32_free
 .text.nrfx_gppi_channels_enable
                0x0000000000002740        0xc modules/hal_nordic/nrfx/libmodules__hal_nordic__nrfx.a(nrfx_gppi_ppi.c.obj)
                0x0000000000002740                nrfx_gppi_channels_enable
 .text.clock_stop
                0x000000000000274c       0xc4 modules/hal_nordic/nrfx/libmodules__hal_nordic__nrfx.a(nrfx_clock.c.obj)
 .text.nrfx_clock_init
                0x0000000000002810       0x20 modules/hal_nordic/nrfx/libmodules__hal_nordic__nrfx.a(nrfx_clock.c.obj)
                0x0000000000002810                nrfx_clock_init
 .text.nrfx_power_clock_irq_handler
                0x0000000000002830       0x68 modules/hal_nordic/nrfx/libmodules__hal_nordic__nrfx.a(nrfx_clock.c.obj)
                0x0000000000002830                nrfx_power_clock_irq_handler
 .text.nrf_gpio_pin_port_decode
                0x0000000000002898       0x20 modules/hal_nordic/nrfx/libmodules__hal_nordic__nrfx.a(nrfx_gpiote.c.obj)
 .text.get_pin_idx
                0x00000000000028b8       0x14 modules/hal_nordic/nrfx/libmodules__hal_nordic__nrfx.a(nrfx_gpiote.c.obj)
 .text.pin_in_use_by_te
                0x00000000000028cc       0x18 modules/hal_nordic/nrfx/libmodules__hal_nordic__nrfx.a(nrfx_gpiote.c.obj)
 .text.pin_is_output
                0x00000000000028e4       0x18 modules/hal_nordic/nrfx/libmodules__hal_nordic__nrfx.a(nrfx_gpiote.c.obj)
 .text.pin_te_get
                0x00000000000028fc       0x18 modules/hal_nordic/nrfx/libmodules__hal_nordic__nrfx.a(nrfx_gpiote.c.obj)
 .text.call_handler
                0x0000000000002914       0x40 modules/hal_nordic/nrfx/libmodules__hal_nordic__nrfx.a(nrfx_gpiote.c.obj)
 .text.release_handler
                0x0000000000002954       0x58 modules/hal_nordic/nrfx/libmodules__hal_nordic__nrfx.a(nrfx_gpiote.c.obj)
 .text.__nrfy_internal_gpiote_events_process.constprop.0
                0x00000000000029ac       0x54 modules/hal_nordic/nrfx/libmodules__hal_nordic__nrfx.a(nrfx_gpiote.c.obj)
 .text.nrfx_gpiote_input_configure
                0x0000000000002a00      0x180 modules/hal_nordic/nrfx/libmodules__hal_nordic__nrfx.a(nrfx_gpiote.c.obj)
                0x0000000000002a00                nrfx_gpiote_input_configure
 .text.nrfx_gpiote_output_configure
                0x0000000000002b80       0xf4 modules/hal_nordic/nrfx/libmodules__hal_nordic__nrfx.a(nrfx_gpiote.c.obj)
                0x0000000000002b80                nrfx_gpiote_output_configure
 .text.nrfx_gpiote_global_callback_set
                0x0000000000002c74        0xc modules/hal_nordic/nrfx/libmodules__hal_nordic__nrfx.a(nrfx_gpiote.c.obj)
                0x0000000000002c74                nrfx_gpiote_global_callback_set
 .text.nrfx_gpiote_channel_get
                0x0000000000002c80       0x30 modules/hal_nordic/nrfx/libmodules__hal_nordic__nrfx.a(nrfx_gpiote.c.obj)
                0x0000000000002c80                nrfx_gpiote_channel_get
 .text.nrfx_gpiote_init
                0x0000000000002cb0       0x50 modules/hal_nordic/nrfx/libmodules__hal_nordic__nrfx.a(nrfx_gpiote.c.obj)
                0x0000000000002cb0                nrfx_gpiote_init
 .text.nrfx_gpiote_is_init
                0x0000000000002d00       0x14 modules/hal_nordic/nrfx/libmodules__hal_nordic__nrfx.a(nrfx_gpiote.c.obj)
                0x0000000000002d00                nrfx_gpiote_is_init
 .text.nrfx_gpiote_channel_free
                0x0000000000002d14        0xc modules/hal_nordic/nrfx/libmodules__hal_nordic__nrfx.a(nrfx_gpiote.c.obj)
                0x0000000000002d14                nrfx_gpiote_channel_free
 .text.nrfx_gpiote_channel_alloc
                0x0000000000002d20        0xc modules/hal_nordic/nrfx/libmodules__hal_nordic__nrfx.a(nrfx_gpiote.c.obj)
                0x0000000000002d20                nrfx_gpiote_channel_alloc
 .text.nrfx_gpiote_trigger_enable
                0x0000000000002d2c       0x9c modules/hal_nordic/nrfx/libmodules__hal_nordic__nrfx.a(nrfx_gpiote.c.obj)
                0x0000000000002d2c                nrfx_gpiote_trigger_enable
 .text.nrfx_gpiote_trigger_disable
                0x0000000000002dc8       0x4c modules/hal_nordic/nrfx/libmodules__hal_nordic__nrfx.a(nrfx_gpiote.c.obj)
                0x0000000000002dc8                nrfx_gpiote_trigger_disable
 .text.nrfx_gpiote_pin_uninit
                0x0000000000002e14       0x80 modules/hal_nordic/nrfx/libmodules__hal_nordic__nrfx.a(nrfx_gpiote.c.obj)
                0x0000000000002e14                nrfx_gpiote_pin_uninit
 .text.nrfx_gpiote_irq_handler
                0x0000000000002e94      0x1a8 modules/hal_nordic/nrfx/libmodules__hal_nordic__nrfx.a(nrfx_gpiote.c.obj)
                0x0000000000002e94                nrfx_gpiote_irq_handler
 .text.nrfx_ppi_channel_alloc
                0x000000000000303c        0xc modules/hal_nordic/nrfx/libmodules__hal_nordic__nrfx.a(nrfx_ppi.c.obj)
                0x000000000000303c                nrfx_ppi_channel_alloc
 .text._DoInit  0x0000000000003048       0x68 modules/segger/libmodules__segger.a(SEGGER_RTT.c.obj)
 .text.z_fatal_error
                0x00000000000030b0       0xa0 zephyr/kernel/libkernel.a(fatal.c.obj)
                0x00000000000030b0                z_fatal_error
 .text.z_sys_init_run_level
                0x0000000000003150       0x48 zephyr/kernel/libkernel.a(init.c.obj)
 .text.bg_thread_main
                0x0000000000003198       0x34 zephyr/kernel/libkernel.a(init.c.obj)
 .text.z_bss_zero
                0x00000000000031cc       0x18 zephyr/kernel/libkernel.a(init.c.obj)
                0x00000000000031cc                z_bss_zero
 .text.z_init_cpu
                0x00000000000031e4       0x8c zephyr/kernel/libkernel.a(init.c.obj)
                0x00000000000031e4                z_init_cpu
 .text.z_cstart
                0x0000000000003270       0xdc zephyr/kernel/libkernel.a(init.c.obj)
                0x0000000000003270                z_cstart
 .text.init_mem_slab_module
                0x000000000000334c       0x24 zephyr/kernel/libkernel.a(mem_slab.c.obj)
 .text.k_mem_slab_alloc
                0x0000000000003370       0x5c zephyr/kernel/libkernel.a(mem_slab.c.obj)
                0x0000000000003370                k_mem_slab_alloc
 .text.z_setup_new_thread
                0x00000000000033cc       0x80 zephyr/kernel/libkernel.a(thread.c.obj)
                0x00000000000033cc                z_setup_new_thread
 .text.z_init_static_threads
                0x000000000000344c       0xb8 zephyr/kernel/libkernel.a(thread.c.obj)
                0x000000000000344c                z_init_static_threads
 .text.z_impl_k_mutex_lock
                0x0000000000003504       0xf4 zephyr/kernel/libkernel.a(mutex.c.obj)
                0x0000000000003504                z_impl_k_mutex_lock
 .text.z_impl_k_mutex_unlock
                0x00000000000035f8       0x78 zephyr/kernel/libkernel.a(mutex.c.obj)
                0x00000000000035f8                z_impl_k_mutex_unlock
 .text.z_impl_k_sem_give
                0x0000000000003670       0x48 zephyr/kernel/libkernel.a(sem.c.obj)
                0x0000000000003670                z_impl_k_sem_give
 .text.z_impl_k_sem_take
                0x00000000000036b8       0x50 zephyr/kernel/libkernel.a(sem.c.obj)
                0x00000000000036b8                z_impl_k_sem_take
 .text.sliceable
                0x0000000000003708       0x3c zephyr/kernel/libkernel.a(sched.c.obj)
 .text.slice_timeout
                0x0000000000003744       0x20 zephyr/kernel/libkernel.a(sched.c.obj)
 .text.z_reset_time_slice
                0x0000000000003764       0x50 zephyr/kernel/libkernel.a(sched.c.obj)
                0x0000000000003764                z_reset_time_slice
 .text.update_cache
                0x00000000000037b4       0x3c zephyr/kernel/libkernel.a(sched.c.obj)
 .text.move_thread_to_end_of_prio_q
                0x00000000000037f0       0x74 zephyr/kernel/libkernel.a(sched.c.obj)
 .text.ready_thread
                0x0000000000003864       0x68 zephyr/kernel/libkernel.a(sched.c.obj)
 .text.unready_thread
                0x00000000000038cc       0x30 zephyr/kernel/libkernel.a(sched.c.obj)
 .text.pend_locked
                0x00000000000038fc       0x30 zephyr/kernel/libkernel.a(sched.c.obj)
 .text.z_time_slice
                0x000000000000392c       0x60 zephyr/kernel/libkernel.a(sched.c.obj)
                0x000000000000392c                z_time_slice
 .text.z_pend_curr
                0x000000000000398c       0x3c zephyr/kernel/libkernel.a(sched.c.obj)
                0x000000000000398c                z_pend_curr
 .text.z_set_prio
                0x00000000000039c8       0x8c zephyr/kernel/libkernel.a(sched.c.obj)
                0x00000000000039c8                z_set_prio
 .text.z_reschedule
                0x0000000000003a54       0x24 zephyr/kernel/libkernel.a(sched.c.obj)
                0x0000000000003a54                z_reschedule
 .text.z_sched_start
                0x0000000000003a78       0x3c zephyr/kernel/libkernel.a(sched.c.obj)
                0x0000000000003a78                z_sched_start
 .text.z_impl_k_thread_suspend
                0x0000000000003ab4       0x64 zephyr/kernel/libkernel.a(sched.c.obj)
                0x0000000000003ab4                z_impl_k_thread_suspend
 .text.k_sched_lock
                0x0000000000003b18       0x28 zephyr/kernel/libkernel.a(sched.c.obj)
                0x0000000000003b18                k_sched_lock
 .text.k_sched_unlock
                0x0000000000003b40       0x38 zephyr/kernel/libkernel.a(sched.c.obj)
                0x0000000000003b40                k_sched_unlock
 .text.z_sched_init
                0x0000000000003b78       0x10 zephyr/kernel/libkernel.a(sched.c.obj)
                0x0000000000003b78                z_sched_init
 .text.z_impl_k_yield
                0x0000000000003b88       0x7c zephyr/kernel/libkernel.a(sched.c.obj)
                0x0000000000003b88                z_impl_k_yield
 .text.z_tick_sleep
                0x0000000000003c04       0x88 zephyr/kernel/libkernel.a(sched.c.obj)
 .text.z_impl_k_sleep
                0x0000000000003c8c       0x34 zephyr/kernel/libkernel.a(sched.c.obj)
                0x0000000000003c8c                z_impl_k_sleep
 .text.z_impl_z_current_get
                0x0000000000003cc0        0xc zephyr/kernel/libkernel.a(sched.c.obj)
                0x0000000000003cc0                z_impl_z_current_get
 .text.z_thread_abort
                0x0000000000003ccc       0xc0 zephyr/kernel/libkernel.a(sched.c.obj)
                0x0000000000003ccc                z_thread_abort
 .text.z_data_copy
                0x0000000000003d8c       0x34 zephyr/kernel/libkernel.a(xip.c.obj)
                0x0000000000003d8c                z_data_copy
 .text.elapsed  0x0000000000003dc0       0x14 zephyr/kernel/libkernel.a(timeout.c.obj)
 .text.next_timeout
                0x0000000000003dd4       0x40 zephyr/kernel/libkernel.a(timeout.c.obj)
 .text.remove_timeout
                0x0000000000003e14       0x38 zephyr/kernel/libkernel.a(timeout.c.obj)
 .text.z_add_timeout
                0x0000000000003e4c       0xec zephyr/kernel/libkernel.a(timeout.c.obj)
                0x0000000000003e4c                z_add_timeout
 .text.sys_clock_announce
                0x0000000000003f38       0xd4 zephyr/kernel/libkernel.a(timeout.c.obj)
                0x0000000000003f38                sys_clock_announce
 .text.sys_clock_tick_get
                0x000000000000400c       0x34 zephyr/kernel/libkernel.a(timeout.c.obj)
                0x000000000000400c                sys_clock_tick_get
 .text.boot_banner
                0x0000000000004040        0xc zephyr/kernel/libkernel.a(banner.c.obj)
                0x0000000000004040                boot_banner
 .text.nrf_cc3xx_platform_init_no_rng
                0x000000000000404c       0x38 C:/ncs/v2.5.1/nrfxlib/crypto/nrf_cc310_platform/lib/cortex-m4/soft-float/no-interrupts/libnrf_cc310_platform_0.9.18.a(nrf_cc3xx_platform.c.obj)
                0x000000000000404c                nrf_cc3xx_platform_init_no_rng
 .text.nrf_cc3xx_platform_abort
                0x0000000000004084       0x24 C:/ncs/v2.5.1/nrfxlib/crypto/nrf_cc310_platform/lib/cortex-m4/soft-float/no-interrupts/libnrf_cc310_platform_0.9.18.a(nrf_cc3xx_platform_abort.c.obj)
 .text.CC_PalAbort
                0x00000000000040a8       0x34 C:/ncs/v2.5.1/nrfxlib/crypto/nrf_cc310_platform/lib/cortex-m4/soft-float/no-interrupts/libnrf_cc310_platform_0.9.18.a(nrf_cc3xx_platform_abort.c.obj)
                0x00000000000040a8                CC_PalAbort
 .text.nrf_cc3xx_platform_set_abort
                0x00000000000040dc       0x10 C:/ncs/v2.5.1/nrfxlib/crypto/nrf_cc310_platform/lib/cortex-m4/soft-float/no-interrupts/libnrf_cc310_platform_0.9.18.a(nrf_cc3xx_platform_abort.c.obj)
                0x00000000000040dc                nrf_cc3xx_platform_set_abort
 .text.mutex_free
                0x00000000000040ec       0x34 C:/ncs/v2.5.1/nrfxlib/crypto/nrf_cc310_platform/lib/cortex-m4/soft-float/no-interrupts/libnrf_cc310_platform_0.9.18.a(nrf_cc3xx_platform_mutex.c.obj)
 .text.mutex_lock
                0x0000000000004120       0x48 C:/ncs/v2.5.1/nrfxlib/crypto/nrf_cc310_platform/lib/cortex-m4/soft-float/no-interrupts/libnrf_cc310_platform_0.9.18.a(nrf_cc3xx_platform_mutex.c.obj)
 .text.mutex_unlock
                0x0000000000004168       0x38 C:/ncs/v2.5.1/nrfxlib/crypto/nrf_cc310_platform/lib/cortex-m4/soft-float/no-interrupts/libnrf_cc310_platform_0.9.18.a(nrf_cc3xx_platform_mutex.c.obj)
 .text.mutex_init
                0x00000000000041a0       0x20 C:/ncs/v2.5.1/nrfxlib/crypto/nrf_cc310_platform/lib/cortex-m4/soft-float/no-interrupts/libnrf_cc310_platform_0.9.18.a(nrf_cc3xx_platform_mutex.c.obj)
 .text.nrf_cc3xx_platform_set_mutexes
                0x00000000000041c0       0x74 C:/ncs/v2.5.1/nrfxlib/crypto/nrf_cc310_platform/lib/cortex-m4/soft-float/no-interrupts/libnrf_cc310_platform_0.9.18.a(nrf_cc3xx_platform_mutex.c.obj)
                0x00000000000041c0                nrf_cc3xx_platform_set_mutexes
 .text.CC_LibInitNoRng
                0x0000000000004234       0x64 C:/ncs/v2.5.1/nrfxlib/crypto/nrf_cc310_platform/lib/cortex-m4/soft-float/no-interrupts/libnrf_cc310_platform_0.9.18.a(cc_lib.c.obj)
                0x0000000000004234                CC_LibInitNoRng
 .text.CC_HalInit
                0x0000000000004298        0x4 C:/ncs/v2.5.1/nrfxlib/crypto/nrf_cc310_platform/lib/cortex-m4/soft-float/no-interrupts/libnrf_cc310_platform_0.9.18.a(cc_hal.c.obj)
                0x0000000000004298                CC_HalInit
 .text.CC_HalTerminate
                0x000000000000429c        0x4 C:/ncs/v2.5.1/nrfxlib/crypto/nrf_cc310_platform/lib/cortex-m4/soft-float/no-interrupts/libnrf_cc310_platform_0.9.18.a(cc_hal.c.obj)
                0x000000000000429c                CC_HalTerminate
 .text.CC_HalMaskInterrupt
                0x00000000000042a0        0xc C:/ncs/v2.5.1/nrfxlib/crypto/nrf_cc310_platform/lib/cortex-m4/soft-float/no-interrupts/libnrf_cc310_platform_0.9.18.a(cc_hal.c.obj)
                0x00000000000042a0                CC_HalMaskInterrupt
 .text.CC_PalInit
                0x00000000000042ac       0x5c C:/ncs/v2.5.1/nrfxlib/crypto/nrf_cc310_platform/lib/cortex-m4/soft-float/no-interrupts/libnrf_cc310_platform_0.9.18.a(cc_pal.c.obj)
                0x00000000000042ac                CC_PalInit
 .text.CC_PalTerminate
                0x0000000000004308       0x34 C:/ncs/v2.5.1/nrfxlib/crypto/nrf_cc310_platform/lib/cortex-m4/soft-float/no-interrupts/libnrf_cc310_platform_0.9.18.a(cc_pal.c.obj)
                0x0000000000004308                CC_PalTerminate
 .text.CC_PalDmaInit
                0x000000000000433c        0x4 C:/ncs/v2.5.1/nrfxlib/crypto/nrf_cc310_platform/lib/cortex-m4/soft-float/no-interrupts/libnrf_cc310_platform_0.9.18.a(cc_pal_dma.c.obj)
                0x000000000000433c                CC_PalDmaInit
 .text.CC_PalDmaTerminate
                0x0000000000004340        0x4 C:/ncs/v2.5.1/nrfxlib/crypto/nrf_cc310_platform/lib/cortex-m4/soft-float/no-interrupts/libnrf_cc310_platform_0.9.18.a(cc_pal_dma.c.obj)
                0x0000000000004340                CC_PalDmaTerminate
 .text.CC_PalMutexCreate
                0x0000000000004344       0x14 C:/ncs/v2.5.1/nrfxlib/crypto/nrf_cc310_platform/lib/cortex-m4/soft-float/no-interrupts/libnrf_cc310_platform_0.9.18.a(cc_pal_mutex.c.obj)
                0x0000000000004344                CC_PalMutexCreate
 .text.CC_PalMutexDestroy
                0x0000000000004358       0x14 C:/ncs/v2.5.1/nrfxlib/crypto/nrf_cc310_platform/lib/cortex-m4/soft-float/no-interrupts/libnrf_cc310_platform_0.9.18.a(cc_pal_mutex.c.obj)
                0x0000000000004358                CC_PalMutexDestroy
 .text.CC_PalPowerSaveModeInit
                0x000000000000436c       0x3c C:/ncs/v2.5.1/nrfxlib/crypto/nrf_cc310_platform/lib/cortex-m4/soft-float/no-interrupts/libnrf_cc310_platform_0.9.18.a(cc_pal_pm.c.obj)
                0x000000000000436c                CC_PalPowerSaveModeInit
 .text.CC_PalPowerSaveModeSelect
                0x00000000000043a8       0x84 C:/ncs/v2.5.1/nrfxlib/crypto/nrf_cc310_platform/lib/cortex-m4/soft-float/no-interrupts/libnrf_cc310_platform_0.9.18.a(cc_pal_pm.c.obj)
                0x00000000000043a8                CC_PalPowerSaveModeSelect
 .text.__i_vfprintf
                0x000000000000442c      0x490 c:\ncs\toolchains\c57af46cb7\opt\zephyr-sdk\arm-zephyr-eabi\bin\../lib/gcc/../../picolibc/arm-zephyr-eabi/lib/thumb/v7e-m/nofp\libc.a(libc_tinystdio_vfiprintf.c.o)
                0x000000000000442c                __i_vfprintf
 .text.gpio_pin_configure_dt
                0x00000000000048bc       0x3e app/libapp.a(main.c.obj)
 .text.arch_printk_char_out
                0x00000000000048fa        0x4 zephyr/libzephyr.a(printk.c.obj)
                0x00000000000048fa                arch_printk_char_out
 .text.printk   0x00000000000048fe       0x1a zephyr/libzephyr.a(printk.c.obj)
                0x00000000000048fe                printk
 .text.chunk_size
                0x0000000000004918        0xa zephyr/libzephyr.a(heap.c.obj)
 .text.free_list_add
                0x0000000000004922       0x4e zephyr/libzephyr.a(heap.c.obj)
 .text.sys_heap_init
                0x0000000000004970       0x7a zephyr/libzephyr.a(heap.c.obj)
                0x0000000000004970                sys_heap_init
 .text.process_recheck
                0x00000000000049ea       0x38 zephyr/libzephyr.a(onoff.c.obj)
 .text.validate_args
                0x0000000000004a22       0x20 zephyr/libzephyr.a(onoff.c.obj)
 .text.notify_one
                0x0000000000004a42       0x2c zephyr/libzephyr.a(onoff.c.obj)
 .text.transition_complete
                0x0000000000004a6e       0x1c zephyr/libzephyr.a(onoff.c.obj)
 .text.onoff_manager_init
                0x0000000000004a8a       0x26 zephyr/libzephyr.a(onoff.c.obj)
                0x0000000000004a8a                onoff_manager_init
 .text.onoff_request
                0x0000000000004ab0       0xb0 zephyr/libzephyr.a(onoff.c.obj)
                0x0000000000004ab0                onoff_request
 .text.sys_notify_validate
                0x0000000000004b60       0x22 zephyr/libzephyr.a(notify.c.obj)
                0x0000000000004b60                sys_notify_validate
 .text.sys_notify_finalize
                0x0000000000004b82       0x1a zephyr/libzephyr.a(notify.c.obj)
                0x0000000000004b82                sys_notify_finalize
 .text._ConfigAbsSyms
                0x0000000000004b9c        0x2 zephyr/libzephyr.a(configs.c.obj)
                0x0000000000004b9c                _ConfigAbsSyms
 .text.z_log_minimal_printk
                0x0000000000004b9e       0x1a zephyr/libzephyr.a(log_minimal.c.obj)
                0x0000000000004b9e                z_log_minimal_printk
 .text.abort_function
                0x0000000000004bb8        0x8 zephyr/libzephyr.a(nrf_cc3xx_platform_abort_zephyr.c.obj)
 .text.z_do_kernel_oops
                0x0000000000004bc0        0x8 zephyr/arch/arch/arm/core/aarch32/libarch__arm__core__aarch32.a(fatal.c.obj)
                0x0000000000004bc0                z_do_kernel_oops
 .text.z_irq_spurious
                0x0000000000004bc8        0x8 zephyr/arch/arch/arm/core/aarch32/libarch__arm__core__aarch32.a(irq_manage.c.obj)
                0x0000000000004bc8                z_irq_spurious
 .text.z_arm_nmi
                0x0000000000004bd0        0xe zephyr/arch/arch/arm/core/aarch32/libarch__arm__core__aarch32.a(nmi.c.obj)
                0x0000000000004bd0                z_arm_nmi
 .text.picolibc_put
                0x0000000000004bde        0xa zephyr/lib/libc/picolibc/liblib__libc__picolibc.a(libc-hooks.c.obj)
 .text.get_status
                0x0000000000004be8       0x12 zephyr/drivers/clock_control/libdrivers__clock_control.a(clock_control_nrf.c.obj)
 .text.set_on_state
                0x0000000000004bfa       0x26 zephyr/drivers/clock_control/libdrivers__clock_control.a(clock_control_nrf.c.obj)
 .text.stop     0x0000000000004c20       0x52 zephyr/drivers/clock_control/libdrivers__clock_control.a(clock_control_nrf.c.obj)
 .text.api_stop
                0x0000000000004c72        0x6 zephyr/drivers/clock_control/libdrivers__clock_control.a(clock_control_nrf.c.obj)
 .text.async_start
                0x0000000000004c78       0x5c zephyr/drivers/clock_control/libdrivers__clock_control.a(clock_control_nrf.c.obj)
 .text.api_start
                0x0000000000004cd4        0xe zephyr/drivers/clock_control/libdrivers__clock_control.a(clock_control_nrf.c.obj)
 .text.onoff_started_callback
                0x0000000000004ce2       0x12 zephyr/drivers/clock_control/libdrivers__clock_control.a(clock_control_nrf.c.obj)
 .text.lfclk_start
                0x0000000000004cf4        0x6 zephyr/drivers/clock_control/libdrivers__clock_control.a(clock_control_nrf.c.obj)
 .text.lfclk_stop
                0x0000000000004cfa        0x6 zephyr/drivers/clock_control/libdrivers__clock_control.a(clock_control_nrf.c.obj)
 .text.blocking_start_callback
                0x0000000000004d00        0x6 zephyr/drivers/clock_control/libdrivers__clock_control.a(clock_control_nrf.c.obj)
 .text.gpio_nrfx_port_get_raw
                0x0000000000004d06        0xe zephyr/drivers/gpio/libdrivers__gpio.a(gpio_nrfx.c.obj)
 .text.gpio_nrfx_port_set_masked_raw
                0x0000000000004d14       0x18 zephyr/drivers/gpio/libdrivers__gpio.a(gpio_nrfx.c.obj)
 .text.gpio_nrfx_port_set_bits_raw
                0x0000000000004d2c        0xc zephyr/drivers/gpio/libdrivers__gpio.a(gpio_nrfx.c.obj)
 .text.gpio_nrfx_port_clear_bits_raw
                0x0000000000004d38        0xc zephyr/drivers/gpio/libdrivers__gpio.a(gpio_nrfx.c.obj)
 .text.gpio_nrfx_port_toggle_bits
                0x0000000000004d44       0x1a zephyr/drivers/gpio/libdrivers__gpio.a(gpio_nrfx.c.obj)
 .text.gpio_nrfx_manage_callback
                0x0000000000004d5e       0x52 zephyr/drivers/gpio/libdrivers__gpio.a(gpio_nrfx.c.obj)
 .text.pinctrl_lookup_state
                0x0000000000004db0       0x26 zephyr/drivers/pinctrl/libdrivers__pinctrl.a(common.c.obj)
                0x0000000000004db0                pinctrl_lookup_state
 .text.uarte_nrfx_config_get
                0x0000000000004dd6       0x10 zephyr/drivers/serial/libdrivers__serial.a(uart_nrfx_uarte.c.obj)
 .text.uarte_nrfx_err_check
                0x0000000000004de6        0xe zephyr/drivers/serial/libdrivers__serial.a(uart_nrfx_uarte.c.obj)
 .text.uarte_nrfx_poll_in
                0x0000000000004df4       0x28 zephyr/drivers/serial/libdrivers__serial.a(uart_nrfx_uarte.c.obj)
 .text.is_tx_ready.isra.0
                0x0000000000004e1c       0x20 zephyr/drivers/serial/libdrivers__serial.a(uart_nrfx_uarte.c.obj)
 .text.uarte_nrfx_isr_int
                0x0000000000004e3c       0x72 zephyr/drivers/serial/libdrivers__serial.a(uart_nrfx_uarte.c.obj)
 .text.event_clear
                0x0000000000004eae       0x18 zephyr/drivers/timer/libdrivers__timer.a(nrf_rtc_timer.c.obj)
 .text.hw_cc3xx_init_internal
                0x0000000000004ec6        0x4 modules/nrf/drivers/hw_cc310/lib..__nrf__drivers__hw_cc310.a(hw_cc310.c.obj)
 .text.hw_cc3xx_init
                0x0000000000004eca       0x12 modules/nrf/drivers/hw_cc310/lib..__nrf__drivers__hw_cc310.a(hw_cc310.c.obj)
 .text.nrfx_isr
                0x0000000000004edc        0x2 modules/hal_nordic/nrfx/libmodules__hal_nordic__nrfx.a(nrfx_glue.c.obj)
                0x0000000000004edc                nrfx_isr
 .text.nrfx_busy_wait
                0x0000000000004ede        0x4 modules/hal_nordic/nrfx/libmodules__hal_nordic__nrfx.a(nrfx_glue.c.obj)
                0x0000000000004ede                nrfx_busy_wait
 .text.nrfx_gppi_channel_endpoints_setup
                0x0000000000004ee2       0x14 modules/hal_nordic/nrfx/libmodules__hal_nordic__nrfx.a(nrfx_gppi_ppi.c.obj)
                0x0000000000004ee2                nrfx_gppi_channel_endpoints_setup
 .text.nrfx_clock_enable
                0x0000000000004ef6       0x1a modules/hal_nordic/nrfx/libmodules__hal_nordic__nrfx.a(nrfx_clock.c.obj)
                0x0000000000004ef6                nrfx_clock_enable
 .text.nrfx_clock_start
                0x0000000000004f10       0x78 modules/hal_nordic/nrfx/libmodules__hal_nordic__nrfx.a(nrfx_clock.c.obj)
                0x0000000000004f10                nrfx_clock_start
 .text.nrfx_clock_stop
                0x0000000000004f88        0x4 modules/hal_nordic/nrfx/libmodules__hal_nordic__nrfx.a(nrfx_clock.c.obj)
                0x0000000000004f88                nrfx_clock_stop
 .text.nrf_gpio_reconfigure
                0x0000000000004f8c       0x92 modules/hal_nordic/nrfx/libmodules__hal_nordic__nrfx.a(nrfx_gpiote.c.obj)
 .text.nrf_gpio_cfg_sense_set
                0x000000000000501e       0x1e modules/hal_nordic/nrfx/libmodules__hal_nordic__nrfx.a(nrfx_gpiote.c.obj)
 .text.SEGGER_RTT_Init
                0x000000000000503c        0x4 modules/segger/libmodules__segger.a(SEGGER_RTT.c.obj)
                0x000000000000503c                SEGGER_RTT_Init
 .text.rtt_init
                0x0000000000005040        0xa modules/segger/libmodules__segger.a(SEGGER_RTT_zephyr.c.obj)
 .text.z_impl_k_busy_wait
                0x000000000000504a        0x8 zephyr/kernel/libkernel.a(busy_wait.c.obj)
                0x000000000000504a                z_impl_k_busy_wait
 .text.z_device_state_init
                0x0000000000005052        0x2 zephyr/kernel/libkernel.a(device.c.obj)
                0x0000000000005052                z_device_state_init
 .text.z_device_is_ready
                0x0000000000005054       0x16 zephyr/kernel/libkernel.a(device.c.obj)
                0x0000000000005054                z_device_is_ready
 .text.z_early_memset
                0x000000000000506a        0x4 zephyr/kernel/libkernel.a(init.c.obj)
                0x000000000000506a                z_early_memset
 .text.z_early_memcpy
                0x000000000000506e        0x4 zephyr/kernel/libkernel.a(init.c.obj)
                0x000000000000506e                z_early_memcpy
 .text.create_free_list
                0x0000000000005072       0x2c zephyr/kernel/libkernel.a(mem_slab.c.obj)
 .text.k_mem_slab_init
                0x000000000000509e       0x1c zephyr/kernel/libkernel.a(mem_slab.c.obj)
                0x000000000000509e                k_mem_slab_init
 .text.k_mem_slab_free
                0x00000000000050ba       0x4c zephyr/kernel/libkernel.a(mem_slab.c.obj)
                0x00000000000050ba                k_mem_slab_free
 .text.k_is_in_isr
                0x0000000000005106        0xc zephyr/kernel/libkernel.a(thread.c.obj)
                0x0000000000005106                k_is_in_isr
 .text.k_thread_name_get
                0x0000000000005112        0x4 zephyr/kernel/libkernel.a(thread.c.obj)
                0x0000000000005112                k_thread_name_get
 .text.idle     0x0000000000005116       0x18 zephyr/kernel/libkernel.a(idle.c.obj)
                0x0000000000005116                idle
 .text.adjust_owner_prio.isra.0
                0x000000000000512e       0x10 zephyr/kernel/libkernel.a(mutex.c.obj)
 .text.z_impl_k_mutex_init
                0x000000000000513e        0xe zephyr/kernel/libkernel.a(mutex.c.obj)
                0x000000000000513e                z_impl_k_mutex_init
 .text.sys_dlist_remove
                0x000000000000514c       0x10 zephyr/kernel/libkernel.a(sched.c.obj)
 .text.unpend_thread_no_timeout
                0x000000000000515c       0x14 zephyr/kernel/libkernel.a(sched.c.obj)
 .text.add_to_waitq_locked
                0x0000000000005170       0x50 zephyr/kernel/libkernel.a(sched.c.obj)
 .text.z_ready_thread
                0x00000000000051c0       0x20 zephyr/kernel/libkernel.a(sched.c.obj)
                0x00000000000051c0                z_ready_thread
 .text.z_sched_wake_thread
                0x00000000000051e0       0x44 zephyr/kernel/libkernel.a(sched.c.obj)
                0x00000000000051e0                z_sched_wake_thread
 .text.z_thread_timeout
                0x0000000000005224        0x8 zephyr/kernel/libkernel.a(sched.c.obj)
                0x0000000000005224                z_thread_timeout
 .text.z_unpend_first_thread
                0x000000000000522c       0x38 zephyr/kernel/libkernel.a(sched.c.obj)
                0x000000000000522c                z_unpend_first_thread
 .text.z_reschedule_irqlock
                0x0000000000005264       0x18 zephyr/kernel/libkernel.a(sched.c.obj)
                0x0000000000005264                z_reschedule_irqlock
 .text.z_reschedule_unlocked
                0x000000000000527c       0x14 zephyr/kernel/libkernel.a(sched.c.obj)
 .text.z_abort_timeout
                0x0000000000005290       0x2c zephyr/kernel/libkernel.a(timeout.c.obj)
                0x0000000000005290                z_abort_timeout
 .text.sys_clock_tick_get_32
                0x00000000000052bc        0x8 zephyr/kernel/libkernel.a(timeout.c.obj)
                0x00000000000052bc                sys_clock_tick_get_32
 .text._OffsetAbsSyms
                0x00000000000052c4        0x2 zephyr/CMakeFiles/offsets.dir/./arch/arm/core/offsets/offsets.c.obj
                0x00000000000052c4                _OffsetAbsSyms
 .text.strnlen  0x00000000000052c6       0x18 c:\ncs\toolchains\c57af46cb7\opt\zephyr-sdk\arm-zephyr-eabi\bin\../lib/gcc/../../picolibc/arm-zephyr-eabi/lib/thumb/v7e-m/nofp\libc.a(libc_string_strnlen.c.o)
                0x00000000000052c6                strnlen
 .text.__ultoa_invert
                0x00000000000052de       0x38 c:\ncs\toolchains\c57af46cb7\opt\zephyr-sdk\arm-zephyr-eabi\bin\../lib/gcc/../../picolibc/arm-zephyr-eabi/lib/thumb/v7e-m/nofp\libc.a(libc_tinystdio_vfiprintf.c.o)
 .text.memcpy   0x0000000000005316       0x1c c:\ncs\toolchains\c57af46cb7\opt\zephyr-sdk\arm-zephyr-eabi\bin\../lib/gcc/../../picolibc/arm-zephyr-eabi/lib/thumb/v7e-m/nofp\libc.a(memcpy.c.o)
                0x0000000000005316                __aeabi_memcpy
                0x0000000000005316                __aeabi_memcpy4
                0x0000000000005316                __aeabi_memcpy8
                0x0000000000005316                memcpy
 .text.memset   0x0000000000005332       0x10 c:\ncs\toolchains\c57af46cb7\opt\zephyr-sdk\arm-zephyr-eabi\bin\../lib/gcc/../../picolibc/arm-zephyr-eabi/lib/thumb/v7e-m/nofp\libc.a(memset.c.o)
                0x0000000000005332                memset
 *(SORT_BY_ALIGNMENT(.TEXT.*))
 *fill*         0x0000000000005342        0x2 
 .TEXT.__aeabi_read_tp
                0x0000000000005344        0xc zephyr/arch/arch/arm/core/aarch32/cortex_m/libarch__arm__core__aarch32__cortex_m.a(__aeabi_read_tp.S.obj)
                0x0000000000005344                __aeabi_read_tp
 *(SORT_BY_ALIGNMENT(.gnu.linkonce.t.*))
 *(SORT_BY_ALIGNMENT(.glue_7t))
 .glue_7t       0x0000000000005350        0x0 linker stubs
 *(SORT_BY_ALIGNMENT(.glue_7))
 .glue_7        0x0000000000005350        0x0 linker stubs
 *(SORT_BY_ALIGNMENT(.vfp11_veneer))
 .vfp11_veneer  0x0000000000005350        0x0 linker stubs
 *(SORT_BY_ALIGNMENT(.v4_bx))
 .v4_bx         0x0000000000005350        0x0 linker stubs
                0x0000000000005350                . = ALIGN (0x4)
                0x0000000000005350                __text_region_end = .

.ARM.exidx      0x0000000000005350        0x8
                0x0000000000005350                __exidx_start = .
 *(SORT_BY_ALIGNMENT(.ARM.exidx*) SORT_BY_ALIGNMENT(gnu.linkonce.armexidx.*))
 .ARM.exidx     0x0000000000005350        0x8 c:/ncs/toolchains/c57af46cb7/opt/zephyr-sdk/arm-zephyr-eabi/bin/../lib/gcc/arm-zephyr-eabi/12.2.0/thumb/v7e-m/nofp\libgcc.a(_udivmoddi4.o)
                0x0000000000005358                __exidx_end = .
                0x0000000000005358                __rodata_region_start = .

initlevel       0x0000000000005358       0x60
                0x0000000000005358                __init_start = .
                0x0000000000005358                __init_EARLY_start = .
 *(SORT_BY_NAME(SORT_BY_ALIGNMENT(.z_init_EARLY?_*)))
 *(SORT_BY_NAME(SORT_BY_ALIGNMENT(.z_init_EARLY??_*)))
                0x0000000000005358                __init_PRE_KERNEL_1_start = .
 *(SORT_BY_NAME(SORT_BY_ALIGNMENT(.z_init_PRE_KERNEL_1?_*)))
 .z_init_PRE_KERNEL_10_0_
                0x0000000000005358        0x8 zephyr/soc/soc/arm/nordic_nrf/nrf52/libsoc__arm__nordic_nrf__nrf52.a(soc.c.obj)
 *(SORT_BY_NAME(SORT_BY_ALIGNMENT(.z_init_PRE_KERNEL_1??_*)))
 .z_init_PRE_KERNEL_130_00074_
                0x0000000000005360        0x8 zephyr/drivers/clock_control/libdrivers__clock_control.a(clock_control_nrf.c.obj)
 .z_init_PRE_KERNEL_130_0_
                0x0000000000005368        0x8 modules/segger/libmodules__segger.a(SEGGER_RTT_zephyr.c.obj)
 .z_init_PRE_KERNEL_130_0_
                0x0000000000005370        0x8 zephyr/kernel/libkernel.a(mem_slab.c.obj)
 .z_init_PRE_KERNEL_140_00011_
                0x0000000000005378        0x8 zephyr/drivers/gpio/libdrivers__gpio.a(gpio_nrfx.c.obj)
 .z_init_PRE_KERNEL_140_00104_
                0x0000000000005380        0x8 zephyr/drivers/gpio/libdrivers__gpio.a(gpio_nrfx.c.obj)
 .z_init_PRE_KERNEL_140_0_
                0x0000000000005388        0x8 modules/nrf/drivers/hw_cc310/lib..__nrf__drivers__hw_cc310.a(hw_cc310.c.obj)
 .z_init_PRE_KERNEL_155_00112_
                0x0000000000005390        0x8 zephyr/drivers/serial/libdrivers__serial.a(uart_nrfx_uarte.c.obj)
 .z_init_PRE_KERNEL_160_0_
                0x0000000000005398        0x8 zephyr/drivers/console/libdrivers__console.a(uart_console.c.obj)
                0x00000000000053a0                __init_PRE_KERNEL_2_start = .
 *(SORT_BY_NAME(SORT_BY_ALIGNMENT(.z_init_PRE_KERNEL_2?_*)))
 .z_init_PRE_KERNEL_20_0_
                0x00000000000053a0        0x8 zephyr/drivers/timer/libdrivers__timer.a(nrf_rtc_timer.c.obj)
 *(SORT_BY_NAME(SORT_BY_ALIGNMENT(.z_init_PRE_KERNEL_2??_*)))
                0x00000000000053a8                __init_POST_KERNEL_start = .
 *(SORT_BY_NAME(SORT_BY_ALIGNMENT(.z_init_POST_KERNEL?_*)))
 *(SORT_BY_NAME(SORT_BY_ALIGNMENT(.z_init_POST_KERNEL??_*)))
 .z_init_POST_KERNEL40_0_
                0x00000000000053a8        0x8 zephyr/lib/libc/common/liblib__libc__common.a(malloc.c.obj)
 .z_init_POST_KERNEL40_0_
                0x00000000000053b0        0x8 modules/nrf/drivers/hw_cc310/lib..__nrf__drivers__hw_cc310.a(hw_cc310.c.obj)
                0x00000000000053b8                __init_APPLICATION_start = .
 *(SORT_BY_NAME(SORT_BY_ALIGNMENT(.z_init_APPLICATION?_*)))
 *(SORT_BY_NAME(SORT_BY_ALIGNMENT(.z_init_APPLICATION??_*)))
                0x00000000000053b8                __init_SMP_start = .
 *(SORT_BY_NAME(SORT_BY_ALIGNMENT(.z_init_SMP?_*)))
 *(SORT_BY_NAME(SORT_BY_ALIGNMENT(.z_init_SMP??_*)))
                0x00000000000053b8                __init_end = .

device_area     0x00000000000053b8       0x50
                0x00000000000053b8                _device_list_start = .
 *(SORT_BY_NAME(SORT_BY_ALIGNMENT(._device.static.*_?_*)))
 *(SORT_BY_NAME(SORT_BY_ALIGNMENT(._device.static.*_??_*)))
 ._device.static.1_30_
                0x00000000000053b8       0x14 zephyr/drivers/clock_control/libdrivers__clock_control.a(clock_control_nrf.c.obj)
                0x00000000000053b8                __device_dts_ord_74
 ._device.static.1_40_
                0x00000000000053cc       0x28 zephyr/drivers/gpio/libdrivers__gpio.a(gpio_nrfx.c.obj)
                0x00000000000053cc                __device_dts_ord_104
                0x00000000000053e0                __device_dts_ord_11
 ._device.static.1_55_
                0x00000000000053f4       0x14 zephyr/drivers/serial/libdrivers__serial.a(uart_nrfx_uarte.c.obj)
                0x00000000000053f4                __device_dts_ord_112
                0x0000000000005408                _device_list_end = .

sw_isr_table    0x0000000000005408      0x180
                0x0000000000005408                . = ALIGN (0x4)
 *(SORT_BY_ALIGNMENT(.gnu.linkonce.sw_isr_table*))
 .gnu.linkonce.sw_isr_table
                0x0000000000005408      0x180 zephyr/arch/common/libisr_tables.a(isr_tables.c.obj)
                0x0000000000005408                _sw_isr_table

initlevel_error
                0x0000000000005358        0x0
 *(SORT_BY_NAME(SORT_BY_ALIGNMENT(.z_init_[_A-Z0-9]*)))
                0x0000000000000001                ASSERT ((SIZEOF (initlevel_error) == 0x0), Undefined initialization levels used.)

app_shmem_regions
                0x0000000000005588        0x0
                0x0000000000005588                __app_shmem_regions_start = .
 *(SORT_BY_NAME(SORT_BY_ALIGNMENT(.app_regions.*)))
                0x0000000000005588                __app_shmem_regions_end = .

k_p4wq_initparam_area
                0x0000000000005588        0x0
                0x0000000000005588                _k_p4wq_initparam_list_start = .
 *(SORT_BY_NAME(SORT_BY_ALIGNMENT(._k_p4wq_initparam.static.*)))
                0x0000000000005588                _k_p4wq_initparam_list_end = .

_static_thread_data_area
                0x0000000000005588        0x0
                0x0000000000005588                __static_thread_data_list_start = .
 *(SORT_BY_NAME(SORT_BY_ALIGNMENT(.__static_thread_data.static.*)))
                0x0000000000005588                __static_thread_data_list_end = .

device_deps     0x0000000000005588        0x0
                0x0000000000005588                __device_deps_start = .
 *(SORT_BY_NAME(SORT_BY_ALIGNMENT(.__device_deps_pass2*)))
                0x0000000000005588                __device_deps_end = .

ztest           0x0000000000005588        0x0
                0x0000000000005588                _ztest_expected_result_entry_list_start = .
 *(SORT_BY_NAME(SORT_BY_ALIGNMENT(._ztest_expected_result_entry.static.*)))
                0x0000000000005588                _ztest_expected_result_entry_list_end = .
                0x0000000000005588                _ztest_suite_node_list_start = .
 *(SORT_BY_NAME(SORT_BY_ALIGNMENT(._ztest_suite_node.static.*)))
                0x0000000000005588                _ztest_suite_node_list_end = .
                0x0000000000005588                _ztest_unit_test_list_start = .
 *(SORT_BY_NAME(SORT_BY_ALIGNMENT(._ztest_unit_test.static.*)))
                0x0000000000005588                _ztest_unit_test_list_end = .
                0x0000000000005588                _ztest_test_rule_list_start = .
 *(SORT_BY_NAME(SORT_BY_ALIGNMENT(._ztest_test_rule.static.*)))
                0x0000000000005588                _ztest_test_rule_list_end = .

bt_l2cap_fixed_chan_area
                0x0000000000005588        0x0
                0x0000000000005588                _bt_l2cap_fixed_chan_list_start = .
 *(SORT_BY_NAME(SORT_BY_ALIGNMENT(._bt_l2cap_fixed_chan.static.*)))
                0x0000000000005588                _bt_l2cap_fixed_chan_list_end = .

bt_gatt_service_static_area
                0x0000000000005588        0x0
                0x0000000000005588                _bt_gatt_service_static_list_start = .
 *(SORT_BY_NAME(SORT_BY_ALIGNMENT(._bt_gatt_service_static.static.*)))
                0x0000000000005588                _bt_gatt_service_static_list_end = .

log_strings_area
                0x0000000000005588        0x0
                0x0000000000005588                _log_strings_list_start = .
 *(SORT_BY_NAME(SORT_BY_ALIGNMENT(._log_strings.static.*)))
                0x0000000000005588                _log_strings_list_end = .

log_const_area  0x0000000000005588       0x58
                0x0000000000005588                _log_const_list_start = .
 *(SORT_BY_NAME(SORT_BY_ALIGNMENT(._log_const.static.*)))
 ._log_const.static.log_const_Less4_Exer3_
                0x0000000000005588        0x8 app/libapp.a(main.c.obj)
                0x0000000000005588                log_const_Less4_Exer3
 ._log_const.static.log_const_NRFX_CLOCK_
                0x0000000000005590        0x8 modules/hal_nordic/nrfx/libmodules__hal_nordic__nrfx.a(nrfx_clock.c.obj)
                0x0000000000005590                log_const_NRFX_CLOCK
 ._log_const.static.log_const_NRFX_GPIOTE_
                0x0000000000005598        0x8 modules/hal_nordic/nrfx/libmodules__hal_nordic__nrfx.a(nrfx_gpiote.c.obj)
                0x0000000000005598                log_const_NRFX_GPIOTE
 ._log_const.static.log_const_NRFX_PPI_
                0x00000000000055a0        0x8 modules/hal_nordic/nrfx/libmodules__hal_nordic__nrfx.a(nrfx_ppi.c.obj)
                0x00000000000055a0                log_const_NRFX_PPI
 ._log_const.static.log_const_cbprintf_package_
                0x00000000000055a8        0x8 zephyr/libzephyr.a(cbprintf_packaged.c.obj)
                0x00000000000055a8                log_const_cbprintf_package
 ._log_const.static.log_const_clock_control_
                0x00000000000055b0        0x8 zephyr/drivers/clock_control/libdrivers__clock_control.a(clock_control_nrf.c.obj)
                0x00000000000055b0                log_const_clock_control
 ._log_const.static.log_const_fatal_error_
                0x00000000000055b8        0x8 modules/nrf/lib/fatal_error/lib..__nrf__lib__fatal_error.a(fatal_error.c.obj)
                0x00000000000055b8                log_const_fatal_error
 ._log_const.static.log_const_mpu_
                0x00000000000055c0        0x8 zephyr/arch/arch/arm/core/aarch32/mpu/libarch__arm__core__aarch32__mpu.a(arm_core_mpu.c.obj)
                0x00000000000055c0                log_const_mpu
 ._log_const.static.log_const_os_
                0x00000000000055c8        0x8 zephyr/kernel/libkernel.a(init.c.obj)
                0x00000000000055c8                log_const_os
 ._log_const.static.log_const_soc_
                0x00000000000055d0        0x8 zephyr/soc/soc/arm/nordic_nrf/nrf52/libsoc__arm__nordic_nrf__nrf52.a(soc.c.obj)
                0x00000000000055d0                log_const_soc
 ._log_const.static.log_const_uart_nrfx_uarte_
                0x00000000000055d8        0x8 zephyr/drivers/serial/libdrivers__serial.a(uart_nrfx_uarte.c.obj)
                0x00000000000055d8                log_const_uart_nrfx_uarte
                0x00000000000055e0                _log_const_list_end = .

log_backend_area
                0x00000000000055e0        0x0
                0x00000000000055e0                _log_backend_list_start = .
 *(SORT_BY_NAME(SORT_BY_ALIGNMENT(._log_backend.static.*)))
                0x00000000000055e0                _log_backend_list_end = .

log_link_area   0x00000000000055e0        0x0
                0x00000000000055e0                _log_link_list_start = .
 *(SORT_BY_NAME(SORT_BY_ALIGNMENT(._log_link.static.*)))
                0x00000000000055e0                _log_link_list_end = .

tracing_backend_area
                0x00000000000055e0        0x0
                0x00000000000055e0                _tracing_backend_list_start = .
 *(SORT_BY_NAME(SORT_BY_ALIGNMENT(._tracing_backend.static.*)))
                0x00000000000055e0                _tracing_backend_list_end = .

zephyr_dbg_info
 *(SORT_BY_ALIGNMENT(.dbg_thread_info))

symbol_to_keep  0x00000000000055e0        0x0
                0x00000000000055e0                __symbol_to_keep_start = .
 *(SORT_BY_NAME(SORT_BY_ALIGNMENT(.symbol_to_keep*)))
                0x00000000000055e0                __symbol_to_keep_end = .

shell_area      0x00000000000055e0        0x0
                0x00000000000055e0                _shell_list_start = .
 *(SORT_BY_NAME(SORT_BY_ALIGNMENT(._shell.static.*)))
                0x00000000000055e0                _shell_list_end = .

shell_root_cmds_area
                0x00000000000055e0        0x0
                0x00000000000055e0                _shell_root_cmds_list_start = .
 *(SORT_BY_NAME(SORT_BY_ALIGNMENT(._shell_root_cmds.static.*)))
                0x00000000000055e0                _shell_root_cmds_list_end = .

shell_subcmds_area
                0x00000000000055e0        0x0
                0x00000000000055e0                _shell_subcmds_list_start = .
 *(SORT_BY_NAME(SORT_BY_ALIGNMENT(._shell_subcmds.static.*)))
                0x00000000000055e0                _shell_subcmds_list_end = .

shell_dynamic_subcmds_area
                0x00000000000055e0        0x0
                0x00000000000055e0                _shell_dynamic_subcmds_list_start = .
 *(SORT_BY_NAME(SORT_BY_ALIGNMENT(._shell_dynamic_subcmds.static.*)))
                0x00000000000055e0                _shell_dynamic_subcmds_list_end = .

cfb_font_area   0x00000000000055e0        0x0
                0x00000000000055e0                _cfb_font_list_start = .
 *(SORT_BY_NAME(SORT_BY_ALIGNMENT(._cfb_font.static.*)))
                0x00000000000055e0                _cfb_font_list_end = .

tdata           0x00000000000055e0        0x0
 *(SORT_BY_ALIGNMENT(.tdata) SORT_BY_ALIGNMENT(.tdata.*) SORT_BY_ALIGNMENT(.gnu.linkonce.td.*))

tbss            0x00000000000055e0        0x4
 *(SORT_BY_ALIGNMENT(.tbss) SORT_BY_ALIGNMENT(.tbss.*) SORT_BY_ALIGNMENT(.gnu.linkonce.tb.*) SORT_BY_ALIGNMENT(.tcommon))
 .tbss.z_tls_current
                0x00000000000055e0        0x4 zephyr/libzephyr.a(thread_entry.c.obj)
                0x00000000000055e0                z_tls_current
                0x00000000000055e0                PROVIDE (__tdata_start = LOADADDR (tdata))
                0x0000000000000000                PROVIDE (__tdata_size = SIZEOF (tdata))
                [!provide]                        PROVIDE (__tdata_end = (__tdata_start + __tdata_size))
                0x0000000000000001                PROVIDE (__tdata_align = ALIGNOF (tdata))
                [!provide]                        PROVIDE (__tbss_start = ADDR (tbss))
                0x0000000000000004                PROVIDE (__tbss_size = SIZEOF (tbss))
                [!provide]                        PROVIDE (__tbss_end = (__tbss_start + __tbss_size))
                0x0000000000000004                PROVIDE (__tbss_align = ALIGNOF (tbss))
                [!provide]                        PROVIDE (__tls_start = __tdata_start)
                [!provide]                        PROVIDE (__tls_end = __tbss_end)
                [!provide]                        PROVIDE (__tls_size = (__tbss_end - __tdata_start))

rodata          0x00000000000055e0      0xbb8
 *(SORT_BY_ALIGNMENT(.rodata))
 .rodata        0x00000000000055e0        0xd app/libapp.a(main.c.obj)
 *(SORT_BY_ALIGNMENT(.rodata.*))
 *fill*         0x00000000000055ed        0x3 
 .rodata.delay_machine_code.0
                0x00000000000055f0        0x6 zephyr/soc/soc/arm/nordic_nrf/nrf52/libsoc__arm__nordic_nrf__nrf52.a(soc.c.obj)
 *fill*         0x00000000000055f6        0x2 
 .rodata.led    0x00000000000055f8        0x8 app/libapp.a(main.c.obj)
 .rodata.button
                0x0000000000005600        0x8 app/libapp.a(main.c.obj)
 .rodata.apis   0x0000000000005608        0x8 zephyr/libzephyr.a(nrf_cc3xx_platform_abort_zephyr.c.obj)
 .rodata.mutexes
                0x0000000000005610       0x14 zephyr/libzephyr.a(nrf_cc3xx_platform_mutex_zephyr.c.obj)
 .rodata.mutex_apis
                0x0000000000005624       0x10 zephyr/libzephyr.a(nrf_cc3xx_platform_mutex_zephyr.c.obj)
 .rodata.static_regions
                0x0000000000005634        0xc zephyr/arch/arch/arm/core/aarch32/mpu/libarch__arm__core__aarch32__mpu.a(arm_core_mpu.c.obj)
 .rodata.mpu_config
                0x0000000000005640        0x8 zephyr/soc/soc/arm/common/cortex_m/libsoc__arm__common__cortex_m.a(arm_mpu_regions.c.obj)
                0x0000000000005640                mpu_config
 .rodata.mpu_regions
                0x0000000000005648       0x18 zephyr/soc/soc/arm/common/cortex_m/libsoc__arm__common__cortex_m.a(arm_mpu_regions.c.obj)
 .rodata.transitions.0
                0x0000000000005660        0xc zephyr/drivers/clock_control/libdrivers__clock_control.a(clock_control_nrf.c.obj)
 .rodata.config
                0x000000000000566c       0x18 zephyr/drivers/clock_control/libdrivers__clock_control.a(clock_control_nrf.c.obj)
 .rodata.clock_control_api
                0x0000000000005684       0x1c zephyr/drivers/clock_control/libdrivers__clock_control.a(clock_control_nrf.c.obj)
 .rodata.gpio_nrfx_p1_cfg
                0x00000000000056a0       0x10 zephyr/drivers/gpio/libdrivers__gpio.a(gpio_nrfx.c.obj)
 .rodata.gpio_nrfx_p0_cfg
                0x00000000000056b0       0x10 zephyr/drivers/gpio/libdrivers__gpio.a(gpio_nrfx.c.obj)
 .rodata.gpio_nrfx_drv_api_funcs
                0x00000000000056c0       0x24 zephyr/drivers/gpio/libdrivers__gpio.a(gpio_nrfx.c.obj)
 .rodata.uarte_0z_config
                0x00000000000056e4       0x10 zephyr/drivers/serial/libdrivers__serial.a(uart_nrfx_uarte.c.obj)
 .rodata.__pinctrl_dev_config__device_dts_ord_112
                0x00000000000056f4        0xc zephyr/drivers/serial/libdrivers__serial.a(uart_nrfx_uarte.c.obj)
 .rodata.__pinctrl_states__device_dts_ord_112
                0x0000000000005700        0x8 zephyr/drivers/serial/libdrivers__serial.a(uart_nrfx_uarte.c.obj)
 .rodata.__pinctrl_state_pins_0__device_dts_ord_112
                0x0000000000005708       0x10 zephyr/drivers/serial/libdrivers__serial.a(uart_nrfx_uarte.c.obj)
 .rodata.uart_nrfx_uarte_driver_api
                0x0000000000005718       0x14 zephyr/drivers/serial/libdrivers__serial.a(uart_nrfx_uarte.c.obj)
 .rodata._k_neg_eagain
                0x000000000000572c        0x4 zephyr/kernel/libkernel.a(errno.c.obj)
                0x000000000000572c                _k_neg_eagain
 .rodata.CSWTCH.488
                0x0000000000005730       0x14 zephyr/kernel/libkernel.a(fatal.c.obj)
 .rodata.levels.0
                0x0000000000005744       0x18 zephyr/kernel/libkernel.a(init.c.obj)
 .rodata.CSWTCH.10
                0x000000000000575c       0x1c C:/ncs/v2.5.1/nrfxlib/crypto/nrf_cc310_platform/lib/cortex-m4/soft-float/no-interrupts/libnrf_cc310_platform_0.9.18.a(nrf_cc3xx_platform.c.obj)
 .rodata.mutex_free.str1.4
                0x0000000000005778       0x26 C:/ncs/v2.5.1/nrfxlib/crypto/nrf_cc310_platform/lib/cortex-m4/soft-float/no-interrupts/libnrf_cc310_platform_0.9.18.a(nrf_cc3xx_platform_mutex.c.obj)
 *fill*         0x000000000000579e        0x2 
 .rodata.mutex_init.str1.4
                0x00000000000057a0       0x23 C:/ncs/v2.5.1/nrfxlib/crypto/nrf_cc310_platform/lib/cortex-m4/soft-float/no-interrupts/libnrf_cc310_platform_0.9.18.a(nrf_cc3xx_platform_mutex.c.obj)
 *fill*         0x00000000000057c3        0x1 
 .rodata.CC_PalPowerSaveModeInit.str1.4
                0x00000000000057c4       0x20 C:/ncs/v2.5.1/nrfxlib/crypto/nrf_cc310_platform/lib/cortex-m4/soft-float/no-interrupts/libnrf_cc310_platform_0.9.18.a(cc_pal_pm.c.obj)
 .rodata.button_pressed.str1.1
                0x00000000000057e4       0x54 app/libapp.a(main.c.obj)
 .rodata.main.str1.1
                0x0000000000005838       0xb2 app/libapp.a(main.c.obj)
 .rodata.str1.1
                0x00000000000058ea        0xc app/libapp.a(main.c.obj)
 .rodata.str1.1
                0x00000000000058f6       0x11 zephyr/libzephyr.a(cbprintf_packaged.c.obj)
 .rodata.sys_reboot.str1.1
                0x0000000000005907       0x29 zephyr/libzephyr.a(reboot.c.obj)
 .rodata.z_log_minimal_hexdump_print.str1.1
                0x0000000000005930       0x14 zephyr/libzephyr.a(log_minimal.c.obj)
                                         0x18 (size before relaxing)
 .rodata.CSWTCH.4
                0x0000000000005944        0x4 zephyr/libzephyr.a(log_minimal.c.obj)
 .rodata.mutex_free_platform.str1.1
                0x0000000000005948       0x26 zephyr/libzephyr.a(nrf_cc3xx_platform_mutex_zephyr.c.obj)
 .rodata.mutex_init_platform.str1.1
                0x000000000000596e       0x2d zephyr/libzephyr.a(nrf_cc3xx_platform_mutex_zephyr.c.obj)
 .rodata.z_arm_fatal_error.str1.1
                0x000000000000599b       0xaf zephyr/arch/arch/arm/core/aarch32/libarch__arm__core__aarch32.a(fatal.c.obj)
 .rodata.mem_manage_fault.str1.1
                0x0000000000005a4a       0xfb zephyr/arch/arch/arm/core/aarch32/cortex_m/libarch__arm__core__aarch32__cortex_m.a(fault.c.obj)
 .rodata.usage_fault.constprop.0.str1.1
                0x0000000000005b45       0xf0 zephyr/arch/arch/arm/core/aarch32/cortex_m/libarch__arm__core__aarch32__cortex_m.a(fault.c.obj)
 .rodata.bus_fault.constprop.0.str1.1
                0x0000000000005c35       0xa6 zephyr/arch/arch/arm/core/aarch32/cortex_m/libarch__arm__core__aarch32__cortex_m.a(fault.c.obj)
 .rodata.z_arm_fault.str1.1
                0x0000000000005cdb      0x139 zephyr/arch/arch/arm/core/aarch32/cortex_m/libarch__arm__core__aarch32__cortex_m.a(fault.c.obj)
 .rodata.str1.1
                0x0000000000005e14        0x4 zephyr/arch/arch/arm/core/aarch32/mpu/libarch__arm__core__aarch32__mpu.a(arm_core_mpu.c.obj)
 .rodata.mpu_configure_regions.str1.1
                0x0000000000005e18       0x53 zephyr/arch/arch/arm/core/aarch32/mpu/libarch__arm__core__aarch32__mpu.a(arm_mpu.c.obj)
 .rodata.str1.1
                0x0000000000005e6b        0xf zephyr/soc/soc/arm/common/cortex_m/libsoc__arm__common__cortex_m.a(arm_mpu_regions.c.obj)
 .rodata.CSWTCH.5
                0x0000000000005e7a        0x6 zephyr/soc/soc/arm/nordic_nrf/nrf52/libsoc__arm__nordic_nrf__nrf52.a(soc.c.obj)
 .rodata.str1.1
                0x0000000000005e80        0x4 zephyr/soc/soc/arm/nordic_nrf/nrf52/libsoc__arm__nordic_nrf__nrf52.a(soc.c.obj)
 .rodata.str1.1
                0x0000000000005e84       0x29 zephyr/drivers/clock_control/libdrivers__clock_control.a(clock_control_nrf.c.obj)
 .rodata.str1.1
                0x0000000000005ead       0x1c zephyr/drivers/gpio/libdrivers__gpio.a(gpio_nrfx.c.obj)
 .rodata.uarte_0_init.str1.1
                0x0000000000005ec9       0x24 zephyr/drivers/serial/libdrivers__serial.a(uart_nrfx_uarte.c.obj)
 .rodata.str1.1
                0x0000000000005eed       0x1e zephyr/drivers/serial/libdrivers__serial.a(uart_nrfx_uarte.c.obj)
 .rodata.k_sys_fatal_error_handler.str1.1
                0x0000000000005f0b       0x16 modules/nrf/lib/fatal_error/lib..__nrf__lib__fatal_error.a(fatal_error.c.obj)
 .rodata.str1.1
                0x0000000000005f21        0xc modules/nrf/lib/fatal_error/lib..__nrf__lib__fatal_error.a(fatal_error.c.obj)
 .rodata.CSWTCH.14
                0x0000000000005f2d        0x6 modules/hal_nordic/nrfx/libmodules__hal_nordic__nrfx.a(system_nrf52840.c.obj)
 .rodata.CSWTCH.5
                0x0000000000005f33        0x6 modules/hal_nordic/nrfx/libmodules__hal_nordic__nrfx.a(system_nrf52840.c.obj)
 .rodata.str1.1
                0x0000000000005f39        0xb modules/hal_nordic/nrfx/libmodules__hal_nordic__nrfx.a(nrfx_clock.c.obj)
 .rodata.port_offset.1
                0x0000000000005f44       0x10 modules/hal_nordic/nrfx/libmodules__hal_nordic__nrfx.a(nrfx_gpiote.c.obj)
 .rodata.ports  0x0000000000005f54        0x2 modules/hal_nordic/nrfx/libmodules__hal_nordic__nrfx.a(nrfx_gpiote.c.obj)
 .rodata.str1.1
                0x0000000000005f56        0xc modules/hal_nordic/nrfx/libmodules__hal_nordic__nrfx.a(nrfx_gpiote.c.obj)
 .rodata.str1.1
                0x0000000000005f62        0x9 modules/hal_nordic/nrfx/libmodules__hal_nordic__nrfx.a(nrfx_ppi.c.obj)
 .rodata._DoInit.str1.1
                0x0000000000005f6b        0x9 modules/segger/libmodules__segger.a(SEGGER_RTT.c.obj)
 .rodata._aInitStr.0
                0x0000000000005f74       0x11 modules/segger/libmodules__segger.a(SEGGER_RTT.c.obj)
 .rodata.z_fatal_error.str1.1
                0x0000000000005f85       0x86 zephyr/kernel/libkernel.a(fatal.c.obj)
 .rodata.str1.1
                0x000000000000600b       0x4a zephyr/kernel/libkernel.a(fatal.c.obj)
 .rodata.z_cstart.str1.1
                0x0000000000006055        0x5 zephyr/kernel/libkernel.a(init.c.obj)
 .rodata.str1.1
                0x000000000000605a        0x3 zephyr/kernel/libkernel.a(init.c.obj)
 .rodata.boot_banner.str1.1
                0x000000000000605d       0x28 zephyr/kernel/libkernel.a(banner.c.obj)
 .rodata._ctype_
                0x0000000000006085      0x101 c:\ncs\toolchains\c57af46cb7\opt\zephyr-sdk\arm-zephyr-eabi\bin\../lib/gcc/../../picolibc/arm-zephyr-eabi/lib/thumb/v7e-m/nofp\libc.a(libc_ctype_ctype_.c.o)
                0x0000000000006085                _ctype_
 .rodata.__i_vfprintf.str1.1
                0x0000000000006186        0xf c:\ncs\toolchains\c57af46cb7\opt\zephyr-sdk\arm-zephyr-eabi\bin\../lib/gcc/../../picolibc/arm-zephyr-eabi/lib/thumb/v7e-m/nofp\libc.a(libc_tinystdio_vfiprintf.c.o)
 *(SORT_BY_ALIGNMENT(.gnu.linkonce.r.*))
                0x0000000000006198                . = ALIGN (0x4)
 *fill*         0x0000000000006195        0x3 
                0x0000000000006198                __rodata_region_end = .
                0x00000000000061a0                . = ALIGN (_region_min_align)
                0x0000000000008000                . = ALIGN ((0x1 << LOG2CEIL ((__rodata_region_end - ADDR (rom_start)))))
                0x0000000000008000                __rom_region_end = ((__rom_region_start + .) - ADDR (rom_start))

/DISCARD/
 *(SORT_BY_ALIGNMENT(.got.plt))
 *(SORT_BY_ALIGNMENT(.igot.plt))
 *(SORT_BY_ALIGNMENT(.got))
 *(SORT_BY_ALIGNMENT(.igot))
                0x0000000020000000                . = 0x20000000
                0x0000000020000000                . = ALIGN (_region_min_align)
                0x0000000020000000                _image_ram_start = .

.ramfunc        0x0000000020000000        0x0 load address 0x0000000000006198
                0x0000000020000000                . = ALIGN (_region_min_align)
                0x0000000020000000                . = ALIGN ((0x1 << LOG2CEIL (__ramfunc_size)))
                0x0000000020000000                __ramfunc_start = .
 *(SORT_BY_ALIGNMENT(.ramfunc))
 *(SORT_BY_ALIGNMENT(.ramfunc.*))
                0x0000000020000000                . = ALIGN (_region_min_align)
                0x0000000020000000                . = ALIGN ((0x1 << LOG2CEIL (__ramfunc_size)))
                0x0000000020000000                __ramfunc_end = .
                0x0000000000000000                __ramfunc_size = (__ramfunc_end - __ramfunc_start)
                0x0000000000006198                __ramfunc_load_start = LOADADDR (.ramfunc)

datas           0x0000000020000000      0x138 load address 0x0000000000006198
                0x0000000020000000                __data_region_start = .
                0x0000000020000000                __data_start = .
 *(SORT_BY_ALIGNMENT(.data))
 *(SORT_BY_ALIGNMENT(.data.*))
 .data._char_out
                0x0000000020000000        0x4 zephyr/libzephyr.a(printk.c.obj)
                0x0000000020000000                _char_out
 .data.power_mutex
                0x0000000020000004        0x8 zephyr/libzephyr.a(nrf_cc3xx_platform_mutex_zephyr.c.obj)
 .data.rng_mutex
                0x000000002000000c        0x8 zephyr/libzephyr.a(nrf_cc3xx_platform_mutex_zephyr.c.obj)
 .data.asym_mutex
                0x0000000020000014        0x8 zephyr/libzephyr.a(nrf_cc3xx_platform_mutex_zephyr.c.obj)
 .data.sym_mutex
                0x000000002000001c        0x8 zephyr/libzephyr.a(nrf_cc3xx_platform_mutex_zephyr.c.obj)
 .data.__stdout
                0x0000000020000024       0x10 zephyr/lib/libc/picolibc/liblib__libc__picolibc.a(libc-hooks.c.obj)
 .data.uarte_0_data
                0x0000000020000034       0x1c zephyr/drivers/serial/libdrivers__serial.a(uart_nrfx_uarte.c.obj)
 .data.m_cb     0x0000000020000050       0x7c modules/hal_nordic/nrfx/libmodules__hal_nordic__nrfx.a(nrfx_gpiote.c.obj)
 .data.m_channels_allocated
                0x00000000200000cc        0x4 modules/hal_nordic/nrfx/libmodules__hal_nordic__nrfx.a(nrfx_ppi.c.obj)
 .data.timeout_list
                0x00000000200000d0        0x8 zephyr/kernel/libkernel.a(timeout.c.obj)
 .data.platform_abort_apis
                0x00000000200000d8        0x8 C:/ncs/v2.5.1/nrfxlib/crypto/nrf_cc310_platform/lib/cortex-m4/soft-float/no-interrupts/libnrf_cc310_platform_0.9.18.a(nrf_cc3xx_platform_abort.c.obj)
                0x00000000200000d8                platform_abort_apis
 .data.platform_mutexes
                0x00000000200000e0       0x14 C:/ncs/v2.5.1/nrfxlib/crypto/nrf_cc310_platform/lib/cortex-m4/soft-float/no-interrupts/libnrf_cc310_platform_0.9.18.a(nrf_cc3xx_platform_mutex.c.obj)
                0x00000000200000e0                platform_mutexes
 .data.platform_mutex_apis
                0x00000000200000f4       0x10 C:/ncs/v2.5.1/nrfxlib/crypto/nrf_cc310_platform/lib/cortex-m4/soft-float/no-interrupts/libnrf_cc310_platform_0.9.18.a(nrf_cc3xx_platform_mutex.c.obj)
                0x00000000200000f4                platform_mutex_apis
 .data.power_mutex
                0x0000000020000104        0x8 C:/ncs/v2.5.1/nrfxlib/crypto/nrf_cc310_platform/lib/cortex-m4/soft-float/no-interrupts/libnrf_cc310_platform_0.9.18.a(nrf_cc3xx_platform_mutex.c.obj)
 .data.rng_mutex
                0x000000002000010c        0x8 C:/ncs/v2.5.1/nrfxlib/crypto/nrf_cc310_platform/lib/cortex-m4/soft-float/no-interrupts/libnrf_cc310_platform_0.9.18.a(nrf_cc3xx_platform_mutex.c.obj)
 .data.asym_mutex
                0x0000000020000114        0x8 C:/ncs/v2.5.1/nrfxlib/crypto/nrf_cc310_platform/lib/cortex-m4/soft-float/no-interrupts/libnrf_cc310_platform_0.9.18.a(nrf_cc3xx_platform_mutex.c.obj)
 .data.sym_mutex
                0x000000002000011c        0x8 C:/ncs/v2.5.1/nrfxlib/crypto/nrf_cc310_platform/lib/cortex-m4/soft-float/no-interrupts/libnrf_cc310_platform_0.9.18.a(nrf_cc3xx_platform_mutex.c.obj)
 .data.pCCRndCryptoMutex
                0x0000000020000124        0x4 C:/ncs/v2.5.1/nrfxlib/crypto/nrf_cc310_platform/lib/cortex-m4/soft-float/no-interrupts/libnrf_cc310_platform_0.9.18.a(cc_pal.c.obj)
                0x0000000020000124                pCCRndCryptoMutex
 .data.CCPowerMutex
                0x0000000020000128        0x4 C:/ncs/v2.5.1/nrfxlib/crypto/nrf_cc310_platform/lib/cortex-m4/soft-float/no-interrupts/libnrf_cc310_platform_0.9.18.a(cc_pal.c.obj)
                0x0000000020000128                CCPowerMutex
 .data.CCRndCryptoMutex
                0x000000002000012c        0x4 C:/ncs/v2.5.1/nrfxlib/crypto/nrf_cc310_platform/lib/cortex-m4/soft-float/no-interrupts/libnrf_cc310_platform_0.9.18.a(cc_pal.c.obj)
                0x000000002000012c                CCRndCryptoMutex
 .data.CCAsymCryptoMutex
                0x0000000020000130        0x4 C:/ncs/v2.5.1/nrfxlib/crypto/nrf_cc310_platform/lib/cortex-m4/soft-float/no-interrupts/libnrf_cc310_platform_0.9.18.a(cc_pal.c.obj)
                0x0000000020000130                CCAsymCryptoMutex
 .data.CCSymCryptoMutex
                0x0000000020000134        0x4 C:/ncs/v2.5.1/nrfxlib/crypto/nrf_cc310_platform/lib/cortex-m4/soft-float/no-interrupts/libnrf_cc310_platform_0.9.18.a(cc_pal.c.obj)
                0x0000000020000134                CCSymCryptoMutex
 *(SORT_BY_ALIGNMENT(.kernel.*))
                0x0000000020000138                __data_end = .
                0x0000000000000138                __data_size = (__data_end - __data_start)
                0x0000000000006198                __data_load_start = LOADADDR (datas)
                0x0000000000006198                __data_region_load_start = LOADADDR (datas)

device_states   0x0000000020000138        0x8 load address 0x00000000000062d0
                0x0000000020000138                __device_states_start = .
 *(SORT_BY_ALIGNMENT(.z_devstate))
 .z_devstate    0x0000000020000138        0x2 zephyr/drivers/clock_control/libdrivers__clock_control.a(clock_control_nrf.c.obj)
 .z_devstate    0x000000002000013a        0x4 zephyr/drivers/gpio/libdrivers__gpio.a(gpio_nrfx.c.obj)
 .z_devstate    0x000000002000013e        0x2 zephyr/drivers/serial/libdrivers__serial.a(uart_nrfx_uarte.c.obj)
 *(SORT_BY_ALIGNMENT(.z_devstate.*))
                0x0000000020000140                __device_states_end = .

log_mpsc_pbuf_area
                0x0000000020000140        0x0 load address 0x00000000000062d8
                0x0000000020000140                _log_mpsc_pbuf_list_start = .
 *(SORT_BY_NAME(SORT_BY_ALIGNMENT(._log_mpsc_pbuf.static.*)))
                0x0000000020000140                _log_mpsc_pbuf_list_end = .

log_msg_ptr_area
                0x0000000020000140        0x0 load address 0x00000000000062d8
                0x0000000020000140                _log_msg_ptr_list_start = .
 *(SORT_BY_NAME(SORT_BY_ALIGNMENT(._log_msg_ptr.static.*)))
                0x0000000020000140                _log_msg_ptr_list_end = .

log_dynamic_area
                0x0000000020000140        0x0 load address 0x00000000000062d8
                0x0000000020000140                _log_dynamic_list_start = .
 *(SORT_BY_NAME(SORT_BY_ALIGNMENT(._log_dynamic.static.*)))
                0x0000000020000140                _log_dynamic_list_end = .

k_timer_area    0x0000000020000140        0x0 load address 0x00000000000062d8
                0x0000000020000140                _k_timer_list_start = .
 *(SORT_BY_NAME(SORT_BY_ALIGNMENT(._k_timer.static.*)))
                0x0000000020000140                _k_timer_list_end = .

k_mem_slab_area
                0x0000000020000140        0x0 load address 0x00000000000062d8
                0x0000000020000140                _k_mem_slab_list_start = .
 *(SORT_BY_NAME(SORT_BY_ALIGNMENT(._k_mem_slab.static.*)))
                0x0000000020000140                _k_mem_slab_list_end = .

k_heap_area     0x0000000020000140        0x0 load address 0x00000000000062d8
                0x0000000020000140                _k_heap_list_start = .
 *(SORT_BY_NAME(SORT_BY_ALIGNMENT(._k_heap.static.*)))
                0x0000000020000140                _k_heap_list_end = .

k_mutex_area    0x0000000020000140       0x50 load address 0x00000000000062d8
                0x0000000020000140                _k_mutex_list_start = .
 *(SORT_BY_NAME(SORT_BY_ALIGNMENT(._k_mutex.static.*)))
 ._k_mutex.static.asym_mutex_int_
                0x0000000020000140       0x14 zephyr/libzephyr.a(nrf_cc3xx_platform_mutex_zephyr.c.obj)
                0x0000000020000140                asym_mutex_int
 ._k_mutex.static.power_mutex_int_
                0x0000000020000154       0x14 zephyr/libzephyr.a(nrf_cc3xx_platform_mutex_zephyr.c.obj)
                0x0000000020000154                power_mutex_int
 ._k_mutex.static.rng_mutex_int_
                0x0000000020000168       0x14 zephyr/libzephyr.a(nrf_cc3xx_platform_mutex_zephyr.c.obj)
                0x0000000020000168                rng_mutex_int
 ._k_mutex.static.sym_mutex_int_
                0x000000002000017c       0x14 zephyr/libzephyr.a(nrf_cc3xx_platform_mutex_zephyr.c.obj)
                0x000000002000017c                sym_mutex_int
                0x0000000020000190                _k_mutex_list_end = .

k_stack_area    0x0000000020000190        0x0 load address 0x0000000000006328
                0x0000000020000190                _k_stack_list_start = .
 *(SORT_BY_NAME(SORT_BY_ALIGNMENT(._k_stack.static.*)))
                0x0000000020000190                _k_stack_list_end = .

k_msgq_area     0x0000000020000190        0x0 load address 0x0000000000006328
                0x0000000020000190                _k_msgq_list_start = .
 *(SORT_BY_NAME(SORT_BY_ALIGNMENT(._k_msgq.static.*)))
                0x0000000020000190                _k_msgq_list_end = .

k_mbox_area     0x0000000020000190        0x0 load address 0x0000000000006328
                0x0000000020000190                _k_mbox_list_start = .
 *(SORT_BY_NAME(SORT_BY_ALIGNMENT(._k_mbox.static.*)))
                0x0000000020000190                _k_mbox_list_end = .

k_pipe_area     0x0000000020000190        0x0 load address 0x0000000000006328
                0x0000000020000190                _k_pipe_list_start = .
 *(SORT_BY_NAME(SORT_BY_ALIGNMENT(._k_pipe.static.*)))
                0x0000000020000190                _k_pipe_list_end = .

k_sem_area      0x0000000020000190        0x0 load address 0x0000000000006328
                0x0000000020000190                _k_sem_list_start = .
 *(SORT_BY_NAME(SORT_BY_ALIGNMENT(._k_sem.static.*)))
                0x0000000020000190                _k_sem_list_end = .

k_event_area    0x0000000020000190        0x0 load address 0x0000000000006328
                0x0000000020000190                _k_event_list_start = .
 *(SORT_BY_NAME(SORT_BY_ALIGNMENT(._k_event.static.*)))
                0x0000000020000190                _k_event_list_end = .

k_queue_area    0x0000000020000190        0x0 load address 0x0000000000006328
                0x0000000020000190                _k_queue_list_start = .
 *(SORT_BY_NAME(SORT_BY_ALIGNMENT(._k_queue.static.*)))
                0x0000000020000190                _k_queue_list_end = .

k_condvar_area  0x0000000020000190        0x0 load address 0x0000000000006328
                0x0000000020000190                _k_condvar_list_start = .
 *(SORT_BY_NAME(SORT_BY_ALIGNMENT(._k_condvar.static.*)))
                0x0000000020000190                _k_condvar_list_end = .

net_buf_pool_area
                0x0000000020000190        0x0 load address 0x0000000000006328
                0x0000000020000190                _net_buf_pool_list_start = .
 *(SORT_BY_NAME(SORT_BY_ALIGNMENT(._net_buf_pool.static.*)))
                0x0000000020000190                _net_buf_pool_list_end = .
                0x0000000020000190                __data_region_end = .

bss             0x0000000020000190      0xdd9
                0x0000000020000190                . = ALIGN (0x4)
                0x0000000020000190                __bss_start = .
                0x0000000020000190                __kernel_ram_start = .
 *(SORT_BY_ALIGNMENT(.bss))
 *(SORT_BY_ALIGNMENT(.bss.*))
 .bss.cc_data   0x0000000020000190       0x10 zephyr/drivers/timer/libdrivers__timer.a(nrf_rtc_timer.c.obj)
 .bss.last_count
                0x00000000200001a0        0x8 zephyr/drivers/timer/libdrivers__timer.a(nrf_rtc_timer.c.obj)